[2026-01-09 19:51:03,954] INFO - Starting Stage 1 run: 2026-01-09_195103_seed42_stage1_signoff
[2026-01-09 19:51:06,149] INFO - Global seed set to 42
[2026-01-09 19:51:06,671] INFO - Wrote run metadata and resolved config
[2026-01-09 19:51:09,849] INFO - Loaded processed dataset from data/processed/herg_clean.csv (635 rows)
[2026-01-09 19:51:09,970] INFO - Stage1: split=random seed=11
[2026-01-09 19:51:09,977] INFO - scale_pos_weight=0.460 (train pos=348 neg=160)
[2026-01-09 19:51:23,123] INFO - Best val aucpr=0.8825 with params={'learning_rate': 0.015144860262751412, 'max_depth': 6, 'min_child_weight': 0.5542561258655851, 'subsample': 0.9637281608315128, 'colsample_bytree': 0.7035119926400067, 'reg_alpha': 0.009176996354542699, 'reg_lambda': 6.388511557344611e-06, 'gamma': 2.600340105889054}
[2026-01-09 19:51:26,494] INFO - Stage1: split=scaffold seed=11
[2026-01-09 19:51:26,498] INFO - scale_pos_weight=0.439 (train pos=353 neg=155)
[2026-01-09 19:51:52,881] INFO - Best val aucpr=0.9343 with params={'learning_rate': 0.09643088219363408, 'max_depth': 10, 'min_child_weight': 0.6864046326708202, 'subsample': 0.9036507224648419, 'colsample_bytree': 0.966532803878238, 'reg_alpha': 0.0007255092647065832, 'reg_lambda': 0.002036719806863055, 'gamma': 0.18181105207755754}
[2026-01-09 19:51:56,695] INFO - Stage1: split=cluster seed=11
[2026-01-09 19:51:56,695] INFO - Using sigmoid calibration for cluster split to reduce overfitting risk.
[2026-01-09 19:51:56,699] INFO - scale_pos_weight=0.399 (train pos=363 neg=145)
[2026-01-09 19:52:14,827] INFO - Best val aucpr=0.9212 with params={'learning_rate': 0.06112677831656808, 'max_depth': 10, 'min_child_weight': 1.0121771180717485, 'subsample': 0.8332497941300496, 'colsample_bytree': 0.8921388120390186, 'reg_alpha': 1.034114958073928e-05, 'reg_lambda': 0.0001132741666833453, 'gamma': 0.9309380887974938}
[2026-01-09 19:52:18,427] INFO - Wrote reports/runs/2026-01-09_195103_seed42_stage1_signoff/tables/benchmark_results.csv
[2026-01-09 19:52:19,539] INFO - Wrote reports/runs/2026-01-09_195103_seed42_stage1_signoff/tables/applicability_domain_bins.csv
[2026-01-09 19:52:19,541] INFO - Panel-driven CF selection: 63 -> 30 candidates from configs/panels/stage1_signoff_panel_seed42_n30.csv
[2026-01-09 19:52:31,108] INFO - ExMol requested budget=1800, sampled=1251 (err=None)
[2026-01-09 19:52:38,709] INFO - CF filtering flip (none): {'sampled': 1251, 'invalid': 0, 'duplicate': 2, 'similarity_filtered': 975, 'prob_filtered': 274, 'delta_filtered': 0, 'sa_filtered': 0, 'logp_filtered': 0, 'qed_filtered': 0, 'alert_filtered': 0, 'kept': 0, 'min_tanimoto_used': 0.5, 'min_tanimoto_source': 'min_tanimoto_flip', 'prob_max_used': 0.509999, 'delta_min_used': None, 'sa_max_used': 4.5, 'logp_delta_max_used': 1.5, 'qed_min_used': 0.0, 'pains_used': True}
[2026-01-09 19:52:46,155] INFO - CF filtering flip (relax_flip_0.4): {'sampled': 1251, 'invalid': 0, 'duplicate': 2, 'similarity_filtered': 834, 'prob_filtered': 414, 'delta_filtered': 0, 'sa_filtered': 0, 'logp_filtered': 1, 'qed_filtered': 0, 'alert_filtered': 0, 'kept': 0, 'min_tanimoto_used': 0.4, 'min_tanimoto_source': 'min_tanimoto_flip', 'prob_max_used': 0.509999, 'delta_min_used': None, 'sa_max_used': 4.5, 'logp_delta_max_used': 1.5, 'qed_min_used': 0.0, 'pains_used': True}
[2026-01-09 19:52:54,068] INFO - CF filtering flip (relax_flip_0.3): {'sampled': 1251, 'invalid': 0, 'duplicate': 2, 'similarity_filtered': 584, 'prob_filtered': 639, 'delta_filtered': 0, 'sa_filtered': 17, 'logp_filtered': 4, 'qed_filtered': 0, 'alert_filtered': 4, 'kept': 1, 'min_tanimoto_used': 0.3, 'min_tanimoto_source': 'min_tanimoto_flip', 'prob_max_used': 0.509999, 'delta_min_used': None, 'sa_max_used': 4.5, 'logp_delta_max_used': 1.5, 'qed_min_used': 0.0, 'pains_used': True}
[2026-01-09 19:53:02,672] INFO - CF outcome 05843cedc45336b4ed7f9bd1e40dfe9a20bc69df: sampled=1251 final_tier=diagnostic_close_edits relaxation=relax_flip_0.3 kept=1 scarcity=False fallback_used=True
[2026-01-09 19:53:02,672] INFO - CF audit flags 05843cedc45336b4ed7f9bd1e40dfe9a20bc69df: fallback_tier=True relaxation_used=True scarcity=False
[2026-01-09 19:53:02,768] INFO - Lead report 1/30 written: reports/runs/2026-01-09_195103_seed42_stage1_signoff/lead_reports/05843cedc45336b4ed7f9bd1e40dfe9a20bc69df
[2026-01-09 19:53:16,435] INFO - ExMol requested budget=1800, sampled=1451 (err=None)
[2026-01-09 19:53:26,259] INFO - CF filtering flip (none): {'sampled': 1451, 'invalid': 0, 'duplicate': 2, 'similarity_filtered': 1237, 'prob_filtered': 211, 'delta_filtered': 0, 'sa_filtered': 0, 'logp_filtered': 0, 'qed_filtered': 0, 'alert_filtered': 0, 'kept': 1, 'min_tanimoto_used': 0.5, 'min_tanimoto_source': 'min_tanimoto_flip', 'prob_max_used': 0.509999, 'delta_min_used': None, 'sa_max_used': 4.5, 'logp_delta_max_used': 1.5, 'qed_min_used': 0.0, 'pains_used': True}
[2026-01-09 19:53:26,290] INFO - CF outcome 0ab5fc1803b9adf390ab3e9ad75b2c6108efe98f: sampled=1451 final_tier=flip relaxation=none kept=1 scarcity=False fallback_used=False
[2026-01-09 19:53:26,290] INFO - CF audit flags 0ab5fc1803b9adf390ab3e9ad75b2c6108efe98f: fallback_tier=False relaxation_used=False scarcity=False
[2026-01-09 19:53:26,323] INFO - Lead report 2/30 written: reports/runs/2026-01-09_195103_seed42_stage1_signoff/lead_reports/0ab5fc1803b9adf390ab3e9ad75b2c6108efe98f
[2026-01-09 19:53:36,670] INFO - ExMol requested budget=1800, sampled=1116 (err=None)
[2026-01-09 19:53:45,023] INFO - CF filtering flip (none): {'sampled': 1116, 'invalid': 0, 'duplicate': 7, 'similarity_filtered': 941, 'prob_filtered': 150, 'delta_filtered': 0, 'sa_filtered': 0, 'logp_filtered': 2, 'qed_filtered': 0, 'alert_filtered': 9, 'kept': 7, 'min_tanimoto_used': 0.5, 'min_tanimoto_source': 'min_tanimoto_flip', 'prob_max_used': 0.509999, 'delta_min_used': None, 'sa_max_used': 4.5, 'logp_delta_max_used': 1.5, 'qed_min_used': 0.0, 'pains_used': True}
[2026-01-09 19:53:53,935] INFO - CF outcome 10b45aa88e1835ba54fb3f174ecab4b313711f93: sampled=1116 final_tier=diagnostic_close_edits relaxation=none kept=5 scarcity=False fallback_used=True
[2026-01-09 19:53:53,936] INFO - CF audit flags 10b45aa88e1835ba54fb3f174ecab4b313711f93: fallback_tier=True relaxation_used=False scarcity=False
[2026-01-09 19:53:54,041] INFO - Lead report 3/30 written: reports/runs/2026-01-09_195103_seed42_stage1_signoff/lead_reports/10b45aa88e1835ba54fb3f174ecab4b313711f93
[2026-01-09 19:54:18,523] INFO - ExMol requested budget=1800, sampled=1472 (err=None)
[2026-01-09 19:54:38,267] INFO - CF filtering flip (none): {'sampled': 1472, 'invalid': 0, 'duplicate': 8, 'similarity_filtered': 968, 'prob_filtered': 480, 'delta_filtered': 0, 'sa_filtered': 4, 'logp_filtered': 1, 'qed_filtered': 0, 'alert_filtered': 4, 'kept': 7, 'min_tanimoto_used': 0.5, 'min_tanimoto_source': 'min_tanimoto_flip', 'prob_max_used': 0.509999, 'delta_min_used': None, 'sa_max_used': 4.5, 'logp_delta_max_used': 1.5, 'qed_min_used': 0.0, 'pains_used': True}
[2026-01-09 19:54:48,261] INFO - CF outcome 11597d4bfffb81310a7a3383203b1ae64b121041: sampled=1472 final_tier=diagnostic_close_edits relaxation=none kept=5 scarcity=False fallback_used=True
[2026-01-09 19:54:48,262] INFO - CF audit flags 11597d4bfffb81310a7a3383203b1ae64b121041: fallback_tier=True relaxation_used=False scarcity=False
[2026-01-09 19:54:48,425] INFO - Lead report 4/30 written: reports/runs/2026-01-09_195103_seed42_stage1_signoff/lead_reports/11597d4bfffb81310a7a3383203b1ae64b121041
[2026-01-09 19:55:05,616] INFO - ExMol requested budget=1800, sampled=1427 (err=None)
[2026-01-09 19:55:18,017] INFO - CF filtering flip (none): {'sampled': 1427, 'invalid': 0, 'duplicate': 3, 'similarity_filtered': 1053, 'prob_filtered': 348, 'delta_filtered': 0, 'sa_filtered': 12, 'logp_filtered': 0, 'qed_filtered': 0, 'alert_filtered': 11, 'kept': 0, 'min_tanimoto_used': 0.5, 'min_tanimoto_source': 'min_tanimoto_flip', 'prob_max_used': 0.509999, 'delta_min_used': None, 'sa_max_used': 4.5, 'logp_delta_max_used': 1.5, 'qed_min_used': 0.0, 'pains_used': True}
[2026-01-09 19:55:30,832] INFO - CF filtering flip (relax_flip_0.4): {'sampled': 1427, 'invalid': 0, 'duplicate': 3, 'similarity_filtered': 838, 'prob_filtered': 536, 'delta_filtered': 0, 'sa_filtered': 21, 'logp_filtered': 0, 'qed_filtered': 0, 'alert_filtered': 28, 'kept': 1, 'min_tanimoto_used': 0.4, 'min_tanimoto_source': 'min_tanimoto_flip', 'prob_max_used': 0.509999, 'delta_min_used': None, 'sa_max_used': 4.5, 'logp_delta_max_used': 1.5, 'qed_min_used': 0.0, 'pains_used': True}
[2026-01-09 19:55:40,007] INFO - CF outcome 134001de89c8f9924655b206909a3a351e95afd9: sampled=1427 final_tier=diagnostic_close_edits relaxation=relax_flip_0.4 kept=1 scarcity=False fallback_used=True
[2026-01-09 19:55:40,008] INFO - CF audit flags 134001de89c8f9924655b206909a3a351e95afd9: fallback_tier=True relaxation_used=True scarcity=False
[2026-01-09 19:55:40,089] INFO - Lead report 5/30 written: reports/runs/2026-01-09_195103_seed42_stage1_signoff/lead_reports/134001de89c8f9924655b206909a3a351e95afd9
[2026-01-09 19:55:53,490] INFO - ExMol requested budget=1800, sampled=1370 (err=None)
[2026-01-09 19:56:03,501] INFO - CF filtering flip (none): {'sampled': 1370, 'invalid': 0, 'duplicate': 3, 'similarity_filtered': 1187, 'prob_filtered': 180, 'delta_filtered': 0, 'sa_filtered': 0, 'logp_filtered': 0, 'qed_filtered': 0, 'alert_filtered': 0, 'kept': 0, 'min_tanimoto_used': 0.5, 'min_tanimoto_source': 'min_tanimoto_flip', 'prob_max_used': 0.509999, 'delta_min_used': None, 'sa_max_used': 4.5, 'logp_delta_max_used': 1.5, 'qed_min_used': 0.0, 'pains_used': True}
[2026-01-09 19:56:13,445] INFO - CF filtering flip (relax_flip_0.4): {'sampled': 1370, 'invalid': 0, 'duplicate': 3, 'similarity_filtered': 1053, 'prob_filtered': 311, 'delta_filtered': 0, 'sa_filtered': 0, 'logp_filtered': 0, 'qed_filtered': 0, 'alert_filtered': 2, 'kept': 1, 'min_tanimoto_used': 0.4, 'min_tanimoto_source': 'min_tanimoto_flip', 'prob_max_used': 0.509999, 'delta_min_used': None, 'sa_max_used': 4.5, 'logp_delta_max_used': 1.5, 'qed_min_used': 0.0, 'pains_used': True}
[2026-01-09 19:56:22,986] INFO - CF outcome 1451f091fe507ebb4c11b5a51a2508d5a28531ff: sampled=1370 final_tier=diagnostic_close_edits relaxation=relax_flip_0.4 kept=1 scarcity=False fallback_used=True
[2026-01-09 19:56:22,986] INFO - CF audit flags 1451f091fe507ebb4c11b5a51a2508d5a28531ff: fallback_tier=True relaxation_used=True scarcity=False
[2026-01-09 19:56:23,074] INFO - Lead report 6/30 written: reports/runs/2026-01-09_195103_seed42_stage1_signoff/lead_reports/1451f091fe507ebb4c11b5a51a2508d5a28531ff
[2026-01-09 19:56:31,618] INFO - ExMol requested budget=1800, sampled=1029 (err=None)
[2026-01-09 19:56:38,062] INFO - CF filtering flip (none): {'sampled': 1029, 'invalid': 0, 'duplicate': 4, 'similarity_filtered': 960, 'prob_filtered': 65, 'delta_filtered': 0, 'sa_filtered': 0, 'logp_filtered': 0, 'qed_filtered': 0, 'alert_filtered': 0, 'kept': 0, 'min_tanimoto_used': 0.5, 'min_tanimoto_source': 'min_tanimoto_flip', 'prob_max_used': 0.509999, 'delta_min_used': None, 'sa_max_used': 4.5, 'logp_delta_max_used': 1.5, 'qed_min_used': 0.0, 'pains_used': True}
[2026-01-09 19:56:44,670] INFO - CF filtering flip (relax_flip_0.4): {'sampled': 1029, 'invalid': 0, 'duplicate': 4, 'similarity_filtered': 887, 'prob_filtered': 135, 'delta_filtered': 0, 'sa_filtered': 0, 'logp_filtered': 0, 'qed_filtered': 0, 'alert_filtered': 1, 'kept': 2, 'min_tanimoto_used': 0.4, 'min_tanimoto_source': 'min_tanimoto_flip', 'prob_max_used': 0.509999, 'delta_min_used': None, 'sa_max_used': 4.5, 'logp_delta_max_used': 1.5, 'qed_min_used': 0.0, 'pains_used': True}
[2026-01-09 19:56:54,030] INFO - CF outcome 14990e3e56d3f4a728199e4fe079df492e4d0e0f: sampled=1029 final_tier=diagnostic_close_edits relaxation=relax_flip_0.4 kept=2 scarcity=False fallback_used=True
[2026-01-09 19:56:54,030] INFO - CF audit flags 14990e3e56d3f4a728199e4fe079df492e4d0e0f: fallback_tier=True relaxation_used=True scarcity=False
[2026-01-09 19:56:54,116] INFO - Lead report 7/30 written: reports/runs/2026-01-09_195103_seed42_stage1_signoff/lead_reports/14990e3e56d3f4a728199e4fe079df492e4d0e0f
[2026-01-09 19:57:13,703] INFO - ExMol requested budget=1800, sampled=1549 (err=None)
[2026-01-09 19:57:28,020] INFO - CF filtering flip (none): {'sampled': 1549, 'invalid': 0, 'duplicate': 2, 'similarity_filtered': 1083, 'prob_filtered': 458, 'delta_filtered': 0, 'sa_filtered': 2, 'logp_filtered': 1, 'qed_filtered': 0, 'alert_filtered': 0, 'kept': 3, 'min_tanimoto_used': 0.5, 'min_tanimoto_source': 'min_tanimoto_flip', 'prob_max_used': 0.509999, 'delta_min_used': None, 'sa_max_used': 4.5, 'logp_delta_max_used': 1.5, 'qed_min_used': 0.0, 'pains_used': True}
[2026-01-09 19:57:28,105] INFO - CF outcome 20ae67ffe6fb365715533270623337b04f656686: sampled=1549 final_tier=flip relaxation=none kept=3 scarcity=False fallback_used=False
[2026-01-09 19:57:28,105] INFO - CF audit flags 20ae67ffe6fb365715533270623337b04f656686: fallback_tier=False relaxation_used=False scarcity=False
[2026-01-09 19:57:28,169] INFO - Lead report 8/30 written: reports/runs/2026-01-09_195103_seed42_stage1_signoff/lead_reports/20ae67ffe6fb365715533270623337b04f656686
[2026-01-09 19:57:46,249] INFO - ExMol requested budget=1800, sampled=1543 (err=None)
[2026-01-09 19:57:59,453] INFO - CF filtering flip (none): {'sampled': 1543, 'invalid': 0, 'duplicate': 2, 'similarity_filtered': 1167, 'prob_filtered': 357, 'delta_filtered': 0, 'sa_filtered': 17, 'logp_filtered': 0, 'qed_filtered': 0, 'alert_filtered': 0, 'kept': 0, 'min_tanimoto_used': 0.5, 'min_tanimoto_source': 'min_tanimoto_flip', 'prob_max_used': 0.509999, 'delta_min_used': None, 'sa_max_used': 4.5, 'logp_delta_max_used': 1.5, 'qed_min_used': 0.0, 'pains_used': True}
[2026-01-09 19:58:13,378] INFO - CF filtering flip (relax_flip_0.4): {'sampled': 1543, 'invalid': 0, 'duplicate': 2, 'similarity_filtered': 898, 'prob_filtered': 559, 'delta_filtered': 0, 'sa_filtered': 83, 'logp_filtered': 0, 'qed_filtered': 0, 'alert_filtered': 1, 'kept': 0, 'min_tanimoto_used': 0.4, 'min_tanimoto_source': 'min_tanimoto_flip', 'prob_max_used': 0.509999, 'delta_min_used': None, 'sa_max_used': 4.5, 'logp_delta_max_used': 1.5, 'qed_min_used': 0.0, 'pains_used': True}
[2026-01-09 19:58:28,192] INFO - CF filtering flip (relax_flip_0.3): {'sampled': 1543, 'invalid': 0, 'duplicate': 2, 'similarity_filtered': 564, 'prob_filtered': 782, 'delta_filtered': 0, 'sa_filtered': 194, 'logp_filtered': 0, 'qed_filtered': 0, 'alert_filtered': 1, 'kept': 0, 'min_tanimoto_used': 0.3, 'min_tanimoto_source': 'min_tanimoto_flip', 'prob_max_used': 0.509999, 'delta_min_used': None, 'sa_max_used': 4.5, 'logp_delta_max_used': 1.5, 'qed_min_used': 0.0, 'pains_used': True}
[2026-01-09 19:58:38,011] INFO - CF filtering flip (relax_improve_0.6): {'sampled': 1543, 'invalid': 0, 'duplicate': 2, 'similarity_filtered': 1167, 'prob_filtered': 357, 'delta_filtered': 0, 'sa_filtered': 17, 'logp_filtered': 0, 'qed_filtered': 0, 'alert_filtered': 0, 'kept': 0, 'min_tanimoto_used': 0.5, 'min_tanimoto_source': 'min_tanimoto_flip', 'prob_max_used': 0.509999, 'delta_min_used': None, 'sa_max_used': 4.5, 'logp_delta_max_used': 1.5, 'qed_min_used': 0.0, 'pains_used': True}
[2026-01-09 19:58:47,539] INFO - CF filtering flip (relax_improve_0.5): {'sampled': 1543, 'invalid': 0, 'duplicate': 2, 'similarity_filtered': 1167, 'prob_filtered': 357, 'delta_filtered': 0, 'sa_filtered': 17, 'logp_filtered': 0, 'qed_filtered': 0, 'alert_filtered': 0, 'kept': 0, 'min_tanimoto_used': 0.5, 'min_tanimoto_source': 'min_tanimoto_flip', 'prob_max_used': 0.509999, 'delta_min_used': None, 'sa_max_used': 4.5, 'logp_delta_max_used': 1.5, 'qed_min_used': 0.0, 'pains_used': True}
[2026-01-09 19:58:56,442] INFO - CF filtering flip (relax_sa_5.5): {'sampled': 1543, 'invalid': 0, 'duplicate': 2, 'similarity_filtered': 1167, 'prob_filtered': 357, 'delta_filtered': 0, 'sa_filtered': 4, 'logp_filtered': 0, 'qed_filtered': 0, 'alert_filtered': 13, 'kept': 0, 'min_tanimoto_used': 0.5, 'min_tanimoto_source': 'min_tanimoto_flip', 'prob_max_used': 0.509999, 'delta_min_used': None, 'sa_max_used': 5.5, 'logp_delta_max_used': 1.5, 'qed_min_used': 0.0, 'pains_used': True}
[2026-01-09 19:59:05,535] INFO - CF filtering risk_reduction (none): {'sampled': 1543, 'invalid': 0, 'duplicate': 2, 'similarity_filtered': 1487, 'prob_filtered': 0, 'delta_filtered': 54, 'sa_filtered': 0, 'logp_filtered': 0, 'qed_filtered': 0, 'alert_filtered': 0, 'kept': 0, 'min_tanimoto_used': 0.7, 'min_tanimoto_source': 'min_tanimoto_improve', 'prob_max_used': None, 'delta_min_used': 0.1, 'sa_max_used': 4.5, 'logp_delta_max_used': 1.5, 'qed_min_used': 0.0, 'pains_used': True}
[2026-01-09 19:59:14,307] INFO - CF filtering risk_reduction (relax_flip_0.4): {'sampled': 1543, 'invalid': 0, 'duplicate': 2, 'similarity_filtered': 1487, 'prob_filtered': 0, 'delta_filtered': 54, 'sa_filtered': 0, 'logp_filtered': 0, 'qed_filtered': 0, 'alert_filtered': 0, 'kept': 0, 'min_tanimoto_used': 0.7, 'min_tanimoto_source': 'min_tanimoto_improve', 'prob_max_used': None, 'delta_min_used': 0.1, 'sa_max_used': 4.5, 'logp_delta_max_used': 1.5, 'qed_min_used': 0.0, 'pains_used': True}
[2026-01-09 19:59:23,093] INFO - CF filtering risk_reduction (relax_flip_0.3): {'sampled': 1543, 'invalid': 0, 'duplicate': 2, 'similarity_filtered': 1487, 'prob_filtered': 0, 'delta_filtered': 54, 'sa_filtered': 0, 'logp_filtered': 0, 'qed_filtered': 0, 'alert_filtered': 0, 'kept': 0, 'min_tanimoto_used': 0.7, 'min_tanimoto_source': 'min_tanimoto_improve', 'prob_max_used': None, 'delta_min_used': 0.1, 'sa_max_used': 4.5, 'logp_delta_max_used': 1.5, 'qed_min_used': 0.0, 'pains_used': True}
[2026-01-09 19:59:31,961] INFO - CF filtering risk_reduction (relax_improve_0.6): {'sampled': 1543, 'invalid': 0, 'duplicate': 2, 'similarity_filtered': 1383, 'prob_filtered': 0, 'delta_filtered': 158, 'sa_filtered': 0, 'logp_filtered': 0, 'qed_filtered': 0, 'alert_filtered': 0, 'kept': 0, 'min_tanimoto_used': 0.6, 'min_tanimoto_source': 'min_tanimoto_improve', 'prob_max_used': None, 'delta_min_used': 0.1, 'sa_max_used': 4.5, 'logp_delta_max_used': 1.5, 'qed_min_used': 0.0, 'pains_used': True}
[2026-01-09 19:59:40,565] INFO - CF filtering risk_reduction (relax_improve_0.5): {'sampled': 1543, 'invalid': 0, 'duplicate': 2, 'similarity_filtered': 1167, 'prob_filtered': 0, 'delta_filtered': 374, 'sa_filtered': 0, 'logp_filtered': 0, 'qed_filtered': 0, 'alert_filtered': 0, 'kept': 0, 'min_tanimoto_used': 0.5, 'min_tanimoto_source': 'min_tanimoto_improve', 'prob_max_used': None, 'delta_min_used': 0.1, 'sa_max_used': 4.5, 'logp_delta_max_used': 1.5, 'qed_min_used': 0.0, 'pains_used': True}
[2026-01-09 19:59:49,161] INFO - CF filtering risk_reduction (relax_sa_5.5): {'sampled': 1543, 'invalid': 0, 'duplicate': 2, 'similarity_filtered': 1487, 'prob_filtered': 0, 'delta_filtered': 54, 'sa_filtered': 0, 'logp_filtered': 0, 'qed_filtered': 0, 'alert_filtered': 0, 'kept': 0, 'min_tanimoto_used': 0.7, 'min_tanimoto_source': 'min_tanimoto_improve', 'prob_max_used': None, 'delta_min_used': 0.1, 'sa_max_used': 5.5, 'logp_delta_max_used': 1.5, 'qed_min_used': 0.0, 'pains_used': True}
[2026-01-09 19:59:57,786] INFO - CF filtering weak_reduction (none): {'sampled': 1543, 'invalid': 0, 'duplicate': 2, 'similarity_filtered': 1487, 'prob_filtered': 0, 'delta_filtered': 54, 'sa_filtered': 0, 'logp_filtered': 0, 'qed_filtered': 0, 'alert_filtered': 0, 'kept': 0, 'min_tanimoto_used': 0.7, 'min_tanimoto_source': 'min_tanimoto_improve', 'prob_max_used': None, 'delta_min_used': 0.05, 'sa_max_used': 4.5, 'logp_delta_max_used': 1.5, 'qed_min_used': 0.0, 'pains_used': True}
[2026-01-09 20:00:06,437] INFO - CF filtering weak_reduction (relax_flip_0.4): {'sampled': 1543, 'invalid': 0, 'duplicate': 2, 'similarity_filtered': 1487, 'prob_filtered': 0, 'delta_filtered': 54, 'sa_filtered': 0, 'logp_filtered': 0, 'qed_filtered': 0, 'alert_filtered': 0, 'kept': 0, 'min_tanimoto_used': 0.7, 'min_tanimoto_source': 'min_tanimoto_improve', 'prob_max_used': None, 'delta_min_used': 0.05, 'sa_max_used': 4.5, 'logp_delta_max_used': 1.5, 'qed_min_used': 0.0, 'pains_used': True}
[2026-01-09 20:00:15,083] INFO - CF filtering weak_reduction (relax_flip_0.3): {'sampled': 1543, 'invalid': 0, 'duplicate': 2, 'similarity_filtered': 1487, 'prob_filtered': 0, 'delta_filtered': 54, 'sa_filtered': 0, 'logp_filtered': 0, 'qed_filtered': 0, 'alert_filtered': 0, 'kept': 0, 'min_tanimoto_used': 0.7, 'min_tanimoto_source': 'min_tanimoto_improve', 'prob_max_used': None, 'delta_min_used': 0.05, 'sa_max_used': 4.5, 'logp_delta_max_used': 1.5, 'qed_min_used': 0.0, 'pains_used': True}
[2026-01-09 20:00:23,724] INFO - CF filtering weak_reduction (relax_improve_0.6): {'sampled': 1543, 'invalid': 0, 'duplicate': 2, 'similarity_filtered': 1383, 'prob_filtered': 0, 'delta_filtered': 158, 'sa_filtered': 0, 'logp_filtered': 0, 'qed_filtered': 0, 'alert_filtered': 0, 'kept': 0, 'min_tanimoto_used': 0.6, 'min_tanimoto_source': 'min_tanimoto_improve', 'prob_max_used': None, 'delta_min_used': 0.05, 'sa_max_used': 4.5, 'logp_delta_max_used': 1.5, 'qed_min_used': 0.0, 'pains_used': True}
[2026-01-09 20:00:32,490] INFO - CF filtering weak_reduction (relax_improve_0.5): {'sampled': 1543, 'invalid': 0, 'duplicate': 2, 'similarity_filtered': 1167, 'prob_filtered': 0, 'delta_filtered': 373, 'sa_filtered': 1, 'logp_filtered': 0, 'qed_filtered': 0, 'alert_filtered': 0, 'kept': 0, 'min_tanimoto_used': 0.5, 'min_tanimoto_source': 'min_tanimoto_improve', 'prob_max_used': None, 'delta_min_used': 0.05, 'sa_max_used': 4.5, 'logp_delta_max_used': 1.5, 'qed_min_used': 0.0, 'pains_used': True}
[2026-01-09 20:00:41,121] INFO - CF filtering weak_reduction (relax_sa_5.5): {'sampled': 1543, 'invalid': 0, 'duplicate': 2, 'similarity_filtered': 1487, 'prob_filtered': 0, 'delta_filtered': 54, 'sa_filtered': 0, 'logp_filtered': 0, 'qed_filtered': 0, 'alert_filtered': 0, 'kept': 0, 'min_tanimoto_used': 0.7, 'min_tanimoto_source': 'min_tanimoto_improve', 'prob_max_used': None, 'delta_min_used': 0.05, 'sa_max_used': 5.5, 'logp_delta_max_used': 1.5, 'qed_min_used': 0.0, 'pains_used': True}
[2026-01-09 20:01:14,083] INFO - CF outcome 21705d40e0177efa509d6d786d48650432d56706: sampled=1543 final_tier=diagnostic_close_edits relaxation=none kept=5 scarcity=False fallback_used=True
[2026-01-09 20:01:14,084] INFO - CF audit flags 21705d40e0177efa509d6d786d48650432d56706: fallback_tier=True relaxation_used=False scarcity=False
[2026-01-09 20:01:14,206] INFO - Lead report 9/30 written: reports/runs/2026-01-09_195103_seed42_stage1_signoff/lead_reports/21705d40e0177efa509d6d786d48650432d56706
[2026-01-09 20:01:26,254] INFO - ExMol requested budget=1800, sampled=1310 (err=None)
[2026-01-09 20:01:35,687] INFO - CF filtering flip (none): {'sampled': 1310, 'invalid': 0, 'duplicate': 4, 'similarity_filtered': 1074, 'prob_filtered': 219, 'delta_filtered': 0, 'sa_filtered': 0, 'logp_filtered': 1, 'qed_filtered': 0, 'alert_filtered': 5, 'kept': 7, 'min_tanimoto_used': 0.5, 'min_tanimoto_source': 'min_tanimoto_flip', 'prob_max_used': 0.509999, 'delta_min_used': None, 'sa_max_used': 4.5, 'logp_delta_max_used': 1.5, 'qed_min_used': 0.0, 'pains_used': True}
[2026-01-09 20:01:44,752] INFO - CF outcome 29e4bd10a745bd3ba4be5fe95dd4d136737949f7: sampled=1310 final_tier=diagnostic_close_edits relaxation=none kept=5 scarcity=False fallback_used=True
[2026-01-09 20:01:44,753] INFO - CF audit flags 29e4bd10a745bd3ba4be5fe95dd4d136737949f7: fallback_tier=True relaxation_used=False scarcity=False
[2026-01-09 20:01:44,876] INFO - Lead report 10/30 written: reports/runs/2026-01-09_195103_seed42_stage1_signoff/lead_reports/29e4bd10a745bd3ba4be5fe95dd4d136737949f7
[2026-01-09 20:02:02,652] INFO - ExMol requested budget=1800, sampled=1355 (err=None)
[2026-01-09 20:02:19,599] INFO - CF filtering flip (none): {'sampled': 1355, 'invalid': 0, 'duplicate': 5, 'similarity_filtered': 975, 'prob_filtered': 56, 'delta_filtered': 0, 'sa_filtered': 5, 'logp_filtered': 10, 'qed_filtered': 0, 'alert_filtered': 291, 'kept': 13, 'min_tanimoto_used': 0.5, 'min_tanimoto_source': 'min_tanimoto_flip', 'prob_max_used': 0.509999, 'delta_min_used': None, 'sa_max_used': 4.5, 'logp_delta_max_used': 1.5, 'qed_min_used': 0.0, 'pains_used': True}
[2026-01-09 20:02:28,733] INFO - CF outcome 2f58388a144ceb04bad77c3d285f9a1edb39c1dd: sampled=1355 final_tier=diagnostic_close_edits relaxation=none kept=5 scarcity=False fallback_used=True
[2026-01-09 20:02:28,733] INFO - CF audit flags 2f58388a144ceb04bad77c3d285f9a1edb39c1dd: fallback_tier=True relaxation_used=False scarcity=False
[2026-01-09 20:02:28,854] INFO - Lead report 11/30 written: reports/runs/2026-01-09_195103_seed42_stage1_signoff/lead_reports/2f58388a144ceb04bad77c3d285f9a1edb39c1dd
[2026-01-09 20:09:50,962] INFO - ExMol requested budget=1800, sampled=1590 (err=None)
[2026-01-09 20:16:06,999] INFO - CF filtering flip (none): {'sampled': 1590, 'invalid': 0, 'duplicate': 15, 'similarity_filtered': 1110, 'prob_filtered': 49, 'delta_filtered': 0, 'sa_filtered': 80, 'logp_filtered': 33, 'qed_filtered': 0, 'alert_filtered': 301, 'kept': 2, 'min_tanimoto_used': 0.5, 'min_tanimoto_source': 'min_tanimoto_flip', 'prob_max_used': 0.509999, 'delta_min_used': None, 'sa_max_used': 4.5, 'logp_delta_max_used': 1.5, 'qed_min_used': 0.0, 'pains_used': True}
[2026-01-09 20:16:16,641] INFO - CF outcome 31cc736d33d9848a196a76dac8564e760eeb7140: sampled=1590 final_tier=diagnostic_close_edits relaxation=none kept=2 scarcity=False fallback_used=True
[2026-01-09 20:16:16,642] INFO - CF audit flags 31cc736d33d9848a196a76dac8564e760eeb7140: fallback_tier=True relaxation_used=False scarcity=False
[2026-01-09 20:16:16,723] INFO - Lead report 12/30 written: reports/runs/2026-01-09_195103_seed42_stage1_signoff/lead_reports/31cc736d33d9848a196a76dac8564e760eeb7140
[2026-01-09 20:16:29,160] INFO - ExMol requested budget=1800, sampled=1260 (err=None)
[2026-01-09 20:16:38,759] INFO - CF filtering flip (none): {'sampled': 1260, 'invalid': 0, 'duplicate': 2, 'similarity_filtered': 780, 'prob_filtered': 478, 'delta_filtered': 0, 'sa_filtered': 0, 'logp_filtered': 0, 'qed_filtered': 0, 'alert_filtered': 0, 'kept': 0, 'min_tanimoto_used': 0.5, 'min_tanimoto_source': 'min_tanimoto_flip', 'prob_max_used': 0.509999, 'delta_min_used': None, 'sa_max_used': 4.5, 'logp_delta_max_used': 1.5, 'qed_min_used': 0.0, 'pains_used': True}
[2026-01-09 20:16:48,144] INFO - CF filtering flip (relax_flip_0.4): {'sampled': 1260, 'invalid': 0, 'duplicate': 2, 'similarity_filtered': 580, 'prob_filtered': 669, 'delta_filtered': 0, 'sa_filtered': 2, 'logp_filtered': 3, 'qed_filtered': 0, 'alert_filtered': 1, 'kept': 3, 'min_tanimoto_used': 0.4, 'min_tanimoto_source': 'min_tanimoto_flip', 'prob_max_used': 0.509999, 'delta_min_used': None, 'sa_max_used': 4.5, 'logp_delta_max_used': 1.5, 'qed_min_used': 0.0, 'pains_used': True}
[2026-01-09 20:16:57,194] INFO - CF outcome 46b2801089f18d224d441e46e987706215b98910: sampled=1260 final_tier=diagnostic_close_edits relaxation=relax_flip_0.4 kept=3 scarcity=False fallback_used=True
[2026-01-09 20:16:57,195] INFO - CF audit flags 46b2801089f18d224d441e46e987706215b98910: fallback_tier=True relaxation_used=True scarcity=False
[2026-01-09 20:16:57,291] INFO - Lead report 13/30 written: reports/runs/2026-01-09_195103_seed42_stage1_signoff/lead_reports/46b2801089f18d224d441e46e987706215b98910
[2026-01-09 20:17:13,023] INFO - ExMol requested budget=1800, sampled=1452 (err=None)
[2026-01-09 20:17:24,655] INFO - CF filtering flip (none): {'sampled': 1452, 'invalid': 0, 'duplicate': 4, 'similarity_filtered': 1073, 'prob_filtered': 300, 'delta_filtered': 0, 'sa_filtered': 0, 'logp_filtered': 1, 'qed_filtered': 0, 'alert_filtered': 47, 'kept': 27, 'min_tanimoto_used': 0.5, 'min_tanimoto_source': 'min_tanimoto_flip', 'prob_max_used': 0.509999, 'delta_min_used': None, 'sa_max_used': 4.5, 'logp_delta_max_used': 1.5, 'qed_min_used': 0.0, 'pains_used': True}
[2026-01-09 20:17:33,750] INFO - CF outcome 5d35bbec9770128b0437f80985d2a99241439a9f: sampled=1452 final_tier=diagnostic_close_edits relaxation=none kept=5 scarcity=False fallback_used=True
[2026-01-09 20:17:33,751] INFO - CF audit flags 5d35bbec9770128b0437f80985d2a99241439a9f: fallback_tier=True relaxation_used=False scarcity=False
[2026-01-09 20:17:33,873] INFO - Lead report 14/30 written: reports/runs/2026-01-09_195103_seed42_stage1_signoff/lead_reports/5d35bbec9770128b0437f80985d2a99241439a9f
[2026-01-09 20:17:42,880] INFO - ExMol requested budget=1800, sampled=1032 (err=None)
[2026-01-09 20:17:50,003] INFO - CF filtering flip (none): {'sampled': 1032, 'invalid': 0, 'duplicate': 31, 'similarity_filtered': 859, 'prob_filtered': 141, 'delta_filtered': 0, 'sa_filtered': 0, 'logp_filtered': 1, 'qed_filtered': 0, 'alert_filtered': 0, 'kept': 0, 'min_tanimoto_used': 0.5, 'min_tanimoto_source': 'min_tanimoto_flip', 'prob_max_used': 0.509999, 'delta_min_used': None, 'sa_max_used': 4.5, 'logp_delta_max_used': 1.5, 'qed_min_used': 0.0, 'pains_used': True}
[2026-01-09 20:17:57,139] INFO - CF filtering flip (relax_flip_0.4): {'sampled': 1032, 'invalid': 0, 'duplicate': 31, 'similarity_filtered': 698, 'prob_filtered': 302, 'delta_filtered': 0, 'sa_filtered': 0, 'logp_filtered': 1, 'qed_filtered': 0, 'alert_filtered': 0, 'kept': 0, 'min_tanimoto_used': 0.4, 'min_tanimoto_source': 'min_tanimoto_flip', 'prob_max_used': 0.509999, 'delta_min_used': None, 'sa_max_used': 4.5, 'logp_delta_max_used': 1.5, 'qed_min_used': 0.0, 'pains_used': True}
[2026-01-09 20:18:04,204] INFO - CF filtering flip (relax_flip_0.3): {'sampled': 1032, 'invalid': 0, 'duplicate': 31, 'similarity_filtered': 587, 'prob_filtered': 409, 'delta_filtered': 0, 'sa_filtered': 0, 'logp_filtered': 2, 'qed_filtered': 0, 'alert_filtered': 3, 'kept': 0, 'min_tanimoto_used': 0.3, 'min_tanimoto_source': 'min_tanimoto_flip', 'prob_max_used': 0.509999, 'delta_min_used': None, 'sa_max_used': 4.5, 'logp_delta_max_used': 1.5, 'qed_min_used': 0.0, 'pains_used': True}
[2026-01-09 20:18:09,709] INFO - CF filtering flip (relax_improve_0.6): {'sampled': 1032, 'invalid': 0, 'duplicate': 31, 'similarity_filtered': 859, 'prob_filtered': 141, 'delta_filtered': 0, 'sa_filtered': 0, 'logp_filtered': 1, 'qed_filtered': 0, 'alert_filtered': 0, 'kept': 0, 'min_tanimoto_used': 0.5, 'min_tanimoto_source': 'min_tanimoto_flip', 'prob_max_used': 0.509999, 'delta_min_used': None, 'sa_max_used': 4.5, 'logp_delta_max_used': 1.5, 'qed_min_used': 0.0, 'pains_used': True}
[2026-01-09 20:18:14,908] INFO - CF filtering flip (relax_improve_0.5): {'sampled': 1032, 'invalid': 0, 'duplicate': 31, 'similarity_filtered': 859, 'prob_filtered': 141, 'delta_filtered': 0, 'sa_filtered': 0, 'logp_filtered': 1, 'qed_filtered': 0, 'alert_filtered': 0, 'kept': 0, 'min_tanimoto_used': 0.5, 'min_tanimoto_source': 'min_tanimoto_flip', 'prob_max_used': 0.509999, 'delta_min_used': None, 'sa_max_used': 4.5, 'logp_delta_max_used': 1.5, 'qed_min_used': 0.0, 'pains_used': True}
[2026-01-09 20:18:20,029] INFO - CF filtering flip (relax_sa_5.5): {'sampled': 1032, 'invalid': 0, 'duplicate': 31, 'similarity_filtered': 859, 'prob_filtered': 141, 'delta_filtered': 0, 'sa_filtered': 0, 'logp_filtered': 1, 'qed_filtered': 0, 'alert_filtered': 0, 'kept': 0, 'min_tanimoto_used': 0.5, 'min_tanimoto_source': 'min_tanimoto_flip', 'prob_max_used': 0.509999, 'delta_min_used': None, 'sa_max_used': 5.5, 'logp_delta_max_used': 1.5, 'qed_min_used': 0.0, 'pains_used': True}
[2026-01-09 20:18:25,071] INFO - CF filtering risk_reduction (none): {'sampled': 1032, 'invalid': 0, 'duplicate': 31, 'similarity_filtered': 993, 'prob_filtered': 0, 'delta_filtered': 8, 'sa_filtered': 0, 'logp_filtered': 0, 'qed_filtered': 0, 'alert_filtered': 0, 'kept': 0, 'min_tanimoto_used': 0.7, 'min_tanimoto_source': 'min_tanimoto_improve', 'prob_max_used': None, 'delta_min_used': 0.1, 'sa_max_used': 4.5, 'logp_delta_max_used': 1.5, 'qed_min_used': 0.0, 'pains_used': True}
[2026-01-09 20:18:29,765] INFO - CF filtering risk_reduction (relax_flip_0.4): {'sampled': 1032, 'invalid': 0, 'duplicate': 31, 'similarity_filtered': 993, 'prob_filtered': 0, 'delta_filtered': 8, 'sa_filtered': 0, 'logp_filtered': 0, 'qed_filtered': 0, 'alert_filtered': 0, 'kept': 0, 'min_tanimoto_used': 0.7, 'min_tanimoto_source': 'min_tanimoto_improve', 'prob_max_used': None, 'delta_min_used': 0.1, 'sa_max_used': 4.5, 'logp_delta_max_used': 1.5, 'qed_min_used': 0.0, 'pains_used': True}
[2026-01-09 20:18:34,769] INFO - CF filtering risk_reduction (relax_flip_0.3): {'sampled': 1032, 'invalid': 0, 'duplicate': 31, 'similarity_filtered': 993, 'prob_filtered': 0, 'delta_filtered': 8, 'sa_filtered': 0, 'logp_filtered': 0, 'qed_filtered': 0, 'alert_filtered': 0, 'kept': 0, 'min_tanimoto_used': 0.7, 'min_tanimoto_source': 'min_tanimoto_improve', 'prob_max_used': None, 'delta_min_used': 0.1, 'sa_max_used': 4.5, 'logp_delta_max_used': 1.5, 'qed_min_used': 0.0, 'pains_used': True}
[2026-01-09 20:18:39,727] INFO - CF filtering risk_reduction (relax_improve_0.6): {'sampled': 1032, 'invalid': 0, 'duplicate': 31, 'similarity_filtered': 965, 'prob_filtered': 0, 'delta_filtered': 36, 'sa_filtered': 0, 'logp_filtered': 0, 'qed_filtered': 0, 'alert_filtered': 0, 'kept': 0, 'min_tanimoto_used': 0.6, 'min_tanimoto_source': 'min_tanimoto_improve', 'prob_max_used': None, 'delta_min_used': 0.1, 'sa_max_used': 4.5, 'logp_delta_max_used': 1.5, 'qed_min_used': 0.0, 'pains_used': True}
[2026-01-09 20:18:44,801] INFO - CF filtering risk_reduction (relax_improve_0.5): {'sampled': 1032, 'invalid': 0, 'duplicate': 31, 'similarity_filtered': 859, 'prob_filtered': 0, 'delta_filtered': 142, 'sa_filtered': 0, 'logp_filtered': 0, 'qed_filtered': 0, 'alert_filtered': 0, 'kept': 0, 'min_tanimoto_used': 0.5, 'min_tanimoto_source': 'min_tanimoto_improve', 'prob_max_used': None, 'delta_min_used': 0.1, 'sa_max_used': 4.5, 'logp_delta_max_used': 1.5, 'qed_min_used': 0.0, 'pains_used': True}
[2026-01-09 20:18:49,572] INFO - CF filtering risk_reduction (relax_sa_5.5): {'sampled': 1032, 'invalid': 0, 'duplicate': 31, 'similarity_filtered': 993, 'prob_filtered': 0, 'delta_filtered': 8, 'sa_filtered': 0, 'logp_filtered': 0, 'qed_filtered': 0, 'alert_filtered': 0, 'kept': 0, 'min_tanimoto_used': 0.7, 'min_tanimoto_source': 'min_tanimoto_improve', 'prob_max_used': None, 'delta_min_used': 0.1, 'sa_max_used': 5.5, 'logp_delta_max_used': 1.5, 'qed_min_used': 0.0, 'pains_used': True}
[2026-01-09 20:18:54,350] INFO - CF filtering weak_reduction (none): {'sampled': 1032, 'invalid': 0, 'duplicate': 31, 'similarity_filtered': 993, 'prob_filtered': 0, 'delta_filtered': 8, 'sa_filtered': 0, 'logp_filtered': 0, 'qed_filtered': 0, 'alert_filtered': 0, 'kept': 0, 'min_tanimoto_used': 0.7, 'min_tanimoto_source': 'min_tanimoto_improve', 'prob_max_used': None, 'delta_min_used': 0.05, 'sa_max_used': 4.5, 'logp_delta_max_used': 1.5, 'qed_min_used': 0.0, 'pains_used': True}
[2026-01-09 20:18:59,116] INFO - CF filtering weak_reduction (relax_flip_0.4): {'sampled': 1032, 'invalid': 0, 'duplicate': 31, 'similarity_filtered': 993, 'prob_filtered': 0, 'delta_filtered': 8, 'sa_filtered': 0, 'logp_filtered': 0, 'qed_filtered': 0, 'alert_filtered': 0, 'kept': 0, 'min_tanimoto_used': 0.7, 'min_tanimoto_source': 'min_tanimoto_improve', 'prob_max_used': None, 'delta_min_used': 0.05, 'sa_max_used': 4.5, 'logp_delta_max_used': 1.5, 'qed_min_used': 0.0, 'pains_used': True}
[2026-01-09 20:19:03,989] INFO - CF filtering weak_reduction (relax_flip_0.3): {'sampled': 1032, 'invalid': 0, 'duplicate': 31, 'similarity_filtered': 993, 'prob_filtered': 0, 'delta_filtered': 8, 'sa_filtered': 0, 'logp_filtered': 0, 'qed_filtered': 0, 'alert_filtered': 0, 'kept': 0, 'min_tanimoto_used': 0.7, 'min_tanimoto_source': 'min_tanimoto_improve', 'prob_max_used': None, 'delta_min_used': 0.05, 'sa_max_used': 4.5, 'logp_delta_max_used': 1.5, 'qed_min_used': 0.0, 'pains_used': True}
[2026-01-09 20:19:09,242] INFO - CF filtering weak_reduction (relax_improve_0.6): {'sampled': 1032, 'invalid': 0, 'duplicate': 31, 'similarity_filtered': 965, 'prob_filtered': 0, 'delta_filtered': 36, 'sa_filtered': 0, 'logp_filtered': 0, 'qed_filtered': 0, 'alert_filtered': 0, 'kept': 0, 'min_tanimoto_used': 0.6, 'min_tanimoto_source': 'min_tanimoto_improve', 'prob_max_used': None, 'delta_min_used': 0.05, 'sa_max_used': 4.5, 'logp_delta_max_used': 1.5, 'qed_min_used': 0.0, 'pains_used': True}
[2026-01-09 20:19:14,312] INFO - CF filtering weak_reduction (relax_improve_0.5): {'sampled': 1032, 'invalid': 0, 'duplicate': 31, 'similarity_filtered': 859, 'prob_filtered': 0, 'delta_filtered': 141, 'sa_filtered': 0, 'logp_filtered': 1, 'qed_filtered': 0, 'alert_filtered': 0, 'kept': 0, 'min_tanimoto_used': 0.5, 'min_tanimoto_source': 'min_tanimoto_improve', 'prob_max_used': None, 'delta_min_used': 0.05, 'sa_max_used': 4.5, 'logp_delta_max_used': 1.5, 'qed_min_used': 0.0, 'pains_used': True}
[2026-01-09 20:19:19,634] INFO - CF filtering weak_reduction (relax_sa_5.5): {'sampled': 1032, 'invalid': 0, 'duplicate': 31, 'similarity_filtered': 993, 'prob_filtered': 0, 'delta_filtered': 8, 'sa_filtered': 0, 'logp_filtered': 0, 'qed_filtered': 0, 'alert_filtered': 0, 'kept': 0, 'min_tanimoto_used': 0.7, 'min_tanimoto_source': 'min_tanimoto_improve', 'prob_max_used': None, 'delta_min_used': 0.05, 'sa_max_used': 5.5, 'logp_delta_max_used': 1.5, 'qed_min_used': 0.0, 'pains_used': True}
[2026-01-09 20:19:40,028] INFO - CF outcome 5ea6c3e7ad301fbabcacab37e0957bb18f0a2010: sampled=1032 final_tier=diagnostic_close_edits relaxation=none kept=5 scarcity=False fallback_used=True
[2026-01-09 20:19:40,029] INFO - CF audit flags 5ea6c3e7ad301fbabcacab37e0957bb18f0a2010: fallback_tier=True relaxation_used=False scarcity=False
[2026-01-09 20:19:40,105] INFO - Lead report 15/30 written: reports/runs/2026-01-09_195103_seed42_stage1_signoff/lead_reports/5ea6c3e7ad301fbabcacab37e0957bb18f0a2010
[2026-01-09 20:19:57,651] INFO - ExMol requested budget=1800, sampled=1522 (err=None)
[2026-01-09 20:20:12,999] INFO - CF filtering flip (none): {'sampled': 1522, 'invalid': 0, 'duplicate': 3, 'similarity_filtered': 1305, 'prob_filtered': 33, 'delta_filtered': 0, 'sa_filtered': 36, 'logp_filtered': 3, 'qed_filtered': 0, 'alert_filtered': 142, 'kept': 0, 'min_tanimoto_used': 0.5, 'min_tanimoto_source': 'min_tanimoto_flip', 'prob_max_used': 0.509999, 'delta_min_used': None, 'sa_max_used': 4.5, 'logp_delta_max_used': 1.5, 'qed_min_used': 0.0, 'pains_used': True}
[2026-01-09 20:20:29,419] INFO - CF filtering flip (relax_flip_0.4): {'sampled': 1522, 'invalid': 0, 'duplicate': 3, 'similarity_filtered': 1145, 'prob_filtered': 47, 'delta_filtered': 0, 'sa_filtered': 102, 'logp_filtered': 18, 'qed_filtered': 0, 'alert_filtered': 205, 'kept': 2, 'min_tanimoto_used': 0.4, 'min_tanimoto_source': 'min_tanimoto_flip', 'prob_max_used': 0.509999, 'delta_min_used': None, 'sa_max_used': 4.5, 'logp_delta_max_used': 1.5, 'qed_min_used': 0.0, 'pains_used': True}
[2026-01-09 20:20:39,047] INFO - CF outcome 71a546711b11adbf8d7f352a83cc6805c7c5a32f: sampled=1522 final_tier=diagnostic_close_edits relaxation=relax_flip_0.4 kept=2 scarcity=False fallback_used=True
[2026-01-09 20:20:39,047] INFO - CF audit flags 71a546711b11adbf8d7f352a83cc6805c7c5a32f: fallback_tier=True relaxation_used=True scarcity=False
[2026-01-09 20:20:39,102] INFO - Lead report 16/30 written: reports/runs/2026-01-09_195103_seed42_stage1_signoff/lead_reports/71a546711b11adbf8d7f352a83cc6805c7c5a32f
[2026-01-09 20:20:59,297] INFO - ExMol requested budget=1800, sampled=1521 (err=None)
[2026-01-09 20:21:14,254] INFO - CF filtering flip (none): {'sampled': 1521, 'invalid': 0, 'duplicate': 2, 'similarity_filtered': 1056, 'prob_filtered': 463, 'delta_filtered': 0, 'sa_filtered': 0, 'logp_filtered': 0, 'qed_filtered': 0, 'alert_filtered': 0, 'kept': 0, 'min_tanimoto_used': 0.5, 'min_tanimoto_source': 'min_tanimoto_flip', 'prob_max_used': 0.509999, 'delta_min_used': None, 'sa_max_used': 4.5, 'logp_delta_max_used': 1.5, 'qed_min_used': 0.0, 'pains_used': True}
[2026-01-09 20:21:29,703] INFO - CF filtering flip (relax_flip_0.4): {'sampled': 1521, 'invalid': 0, 'duplicate': 2, 'similarity_filtered': 797, 'prob_filtered': 715, 'delta_filtered': 0, 'sa_filtered': 0, 'logp_filtered': 5, 'qed_filtered': 0, 'alert_filtered': 0, 'kept': 2, 'min_tanimoto_used': 0.4, 'min_tanimoto_source': 'min_tanimoto_flip', 'prob_max_used': 0.509999, 'delta_min_used': None, 'sa_max_used': 4.5, 'logp_delta_max_used': 1.5, 'qed_min_used': 0.0, 'pains_used': True}
[2026-01-09 20:21:39,673] INFO - CF outcome 73aada1e2e67eda5237013f15911fffaaafeb49c: sampled=1521 final_tier=diagnostic_close_edits relaxation=relax_flip_0.4 kept=2 scarcity=False fallback_used=True
[2026-01-09 20:21:39,673] INFO - CF audit flags 73aada1e2e67eda5237013f15911fffaaafeb49c: fallback_tier=True relaxation_used=True scarcity=False
[2026-01-09 20:21:39,771] INFO - Lead report 17/30 written: reports/runs/2026-01-09_195103_seed42_stage1_signoff/lead_reports/73aada1e2e67eda5237013f15911fffaaafeb49c
[2026-01-09 20:22:39,544] INFO - ExMol requested budget=1800, sampled=1570 (err=None)
[2026-01-09 20:23:30,652] INFO - CF filtering flip (none): {'sampled': 1570, 'invalid': 0, 'duplicate': 4, 'similarity_filtered': 1209, 'prob_filtered': 289, 'delta_filtered': 0, 'sa_filtered': 6, 'logp_filtered': 2, 'qed_filtered': 0, 'alert_filtered': 25, 'kept': 35, 'min_tanimoto_used': 0.5, 'min_tanimoto_source': 'min_tanimoto_flip', 'prob_max_used': 0.509999, 'delta_min_used': None, 'sa_max_used': 4.5, 'logp_delta_max_used': 1.5, 'qed_min_used': 0.0, 'pains_used': True}
[2026-01-09 20:23:40,441] INFO - CF outcome 7a7205f68340a2895a326726c48d6d19021f08c8: sampled=1570 final_tier=diagnostic_close_edits relaxation=none kept=5 scarcity=False fallback_used=True
[2026-01-09 20:23:40,441] INFO - CF audit flags 7a7205f68340a2895a326726c48d6d19021f08c8: fallback_tier=True relaxation_used=False scarcity=False
[2026-01-09 20:23:40,602] INFO - Lead report 18/30 written: reports/runs/2026-01-09_195103_seed42_stage1_signoff/lead_reports/7a7205f68340a2895a326726c48d6d19021f08c8
[2026-01-09 20:24:50,572] INFO - ExMol requested budget=1800, sampled=1581 (err=None)
[2026-01-09 20:25:52,845] INFO - CF filtering flip (none): {'sampled': 1581, 'invalid': 0, 'duplicate': 3, 'similarity_filtered': 547, 'prob_filtered': 1008, 'delta_filtered': 0, 'sa_filtered': 22, 'logp_filtered': 1, 'qed_filtered': 0, 'alert_filtered': 0, 'kept': 0, 'min_tanimoto_used': 0.5, 'min_tanimoto_source': 'min_tanimoto_flip', 'prob_max_used': 0.509999, 'delta_min_used': None, 'sa_max_used': 4.5, 'logp_delta_max_used': 1.5, 'qed_min_used': 0.0, 'pains_used': True}
[2026-01-09 20:26:47,187] INFO - CF filtering flip (relax_flip_0.4): {'sampled': 1581, 'invalid': 0, 'duplicate': 3, 'similarity_filtered': 294, 'prob_filtered': 1238, 'delta_filtered': 0, 'sa_filtered': 40, 'logp_filtered': 6, 'qed_filtered': 0, 'alert_filtered': 0, 'kept': 0, 'min_tanimoto_used': 0.4, 'min_tanimoto_source': 'min_tanimoto_flip', 'prob_max_used': 0.509999, 'delta_min_used': None, 'sa_max_used': 4.5, 'logp_delta_max_used': 1.5, 'qed_min_used': 0.0, 'pains_used': True}
[2026-01-09 20:27:38,835] INFO - CF filtering flip (relax_flip_0.3): {'sampled': 1581, 'invalid': 0, 'duplicate': 3, 'similarity_filtered': 138, 'prob_filtered': 1358, 'delta_filtered': 0, 'sa_filtered': 67, 'logp_filtered': 15, 'qed_filtered': 0, 'alert_filtered': 0, 'kept': 0, 'min_tanimoto_used': 0.3, 'min_tanimoto_source': 'min_tanimoto_flip', 'prob_max_used': 0.509999, 'delta_min_used': None, 'sa_max_used': 4.5, 'logp_delta_max_used': 1.5, 'qed_min_used': 0.0, 'pains_used': True}
[2026-01-09 20:28:21,139] INFO - CF filtering flip (relax_improve_0.6): {'sampled': 1581, 'invalid': 0, 'duplicate': 3, 'similarity_filtered': 547, 'prob_filtered': 1008, 'delta_filtered': 0, 'sa_filtered': 22, 'logp_filtered': 1, 'qed_filtered': 0, 'alert_filtered': 0, 'kept': 0, 'min_tanimoto_used': 0.5, 'min_tanimoto_source': 'min_tanimoto_flip', 'prob_max_used': 0.509999, 'delta_min_used': None, 'sa_max_used': 4.5, 'logp_delta_max_used': 1.5, 'qed_min_used': 0.0, 'pains_used': True}
[2026-01-09 20:29:02,514] INFO - CF filtering flip (relax_improve_0.5): {'sampled': 1581, 'invalid': 0, 'duplicate': 3, 'similarity_filtered': 547, 'prob_filtered': 1008, 'delta_filtered': 0, 'sa_filtered': 22, 'logp_filtered': 1, 'qed_filtered': 0, 'alert_filtered': 0, 'kept': 0, 'min_tanimoto_used': 0.5, 'min_tanimoto_source': 'min_tanimoto_flip', 'prob_max_used': 0.509999, 'delta_min_used': None, 'sa_max_used': 4.5, 'logp_delta_max_used': 1.5, 'qed_min_used': 0.0, 'pains_used': True}
[2026-01-09 20:29:43,827] INFO - CF filtering flip (relax_sa_5.5): {'sampled': 1581, 'invalid': 0, 'duplicate': 3, 'similarity_filtered': 547, 'prob_filtered': 1008, 'delta_filtered': 0, 'sa_filtered': 6, 'logp_filtered': 2, 'qed_filtered': 0, 'alert_filtered': 9, 'kept': 6, 'min_tanimoto_used': 0.5, 'min_tanimoto_source': 'min_tanimoto_flip', 'prob_max_used': 0.509999, 'delta_min_used': None, 'sa_max_used': 5.5, 'logp_delta_max_used': 1.5, 'qed_min_used': 0.0, 'pains_used': True}
[2026-01-09 20:29:51,994] INFO - CF outcome 9da84360bd49192655003b99de1e76f8a3a94388: sampled=1581 final_tier=diagnostic_close_edits relaxation=relax_sa_5.5 kept=5 scarcity=False fallback_used=True
[2026-01-09 20:29:51,994] INFO - CF audit flags 9da84360bd49192655003b99de1e76f8a3a94388: fallback_tier=True relaxation_used=True scarcity=False
[2026-01-09 20:29:52,128] INFO - Lead report 19/30 written: reports/runs/2026-01-09_195103_seed42_stage1_signoff/lead_reports/9da84360bd49192655003b99de1e76f8a3a94388
[2026-01-09 20:30:05,733] INFO - ExMol requested budget=1800, sampled=1436 (err=None)
[2026-01-09 20:30:16,047] INFO - CF filtering flip (none): {'sampled': 1436, 'invalid': 0, 'duplicate': 3, 'similarity_filtered': 1151, 'prob_filtered': 194, 'delta_filtered': 0, 'sa_filtered': 21, 'logp_filtered': 1, 'qed_filtered': 0, 'alert_filtered': 46, 'kept': 20, 'min_tanimoto_used': 0.5, 'min_tanimoto_source': 'min_tanimoto_flip', 'prob_max_used': 0.509999, 'delta_min_used': None, 'sa_max_used': 4.5, 'logp_delta_max_used': 1.5, 'qed_min_used': 0.0, 'pains_used': True}
[2026-01-09 20:30:24,848] INFO - CF outcome 9e73f5eb87eb44328ece8987d42b0d17ce530b02: sampled=1436 final_tier=diagnostic_close_edits relaxation=none kept=5 scarcity=False fallback_used=True
[2026-01-09 20:30:24,848] INFO - CF audit flags 9e73f5eb87eb44328ece8987d42b0d17ce530b02: fallback_tier=True relaxation_used=False scarcity=False
[2026-01-09 20:30:24,935] INFO - Lead report 20/30 written: reports/runs/2026-01-09_195103_seed42_stage1_signoff/lead_reports/9e73f5eb87eb44328ece8987d42b0d17ce530b02
[2026-01-09 20:30:42,440] INFO - ExMol requested budget=1800, sampled=1421 (err=None)
[2026-01-09 20:30:56,386] INFO - CF filtering flip (none): {'sampled': 1421, 'invalid': 0, 'duplicate': 6, 'similarity_filtered': 1009, 'prob_filtered': 394, 'delta_filtered': 0, 'sa_filtered': 0, 'logp_filtered': 3, 'qed_filtered': 0, 'alert_filtered': 9, 'kept': 0, 'min_tanimoto_used': 0.5, 'min_tanimoto_source': 'min_tanimoto_flip', 'prob_max_used': 0.509999, 'delta_min_used': None, 'sa_max_used': 4.5, 'logp_delta_max_used': 1.5, 'qed_min_used': 0.0, 'pains_used': True}
[2026-01-09 20:31:10,990] INFO - CF filtering flip (relax_flip_0.4): {'sampled': 1421, 'invalid': 0, 'duplicate': 6, 'similarity_filtered': 700, 'prob_filtered': 667, 'delta_filtered': 0, 'sa_filtered': 3, 'logp_filtered': 10, 'qed_filtered': 0, 'alert_filtered': 35, 'kept': 0, 'min_tanimoto_used': 0.4, 'min_tanimoto_source': 'min_tanimoto_flip', 'prob_max_used': 0.509999, 'delta_min_used': None, 'sa_max_used': 4.5, 'logp_delta_max_used': 1.5, 'qed_min_used': 0.0, 'pains_used': True}
[2026-01-09 20:31:26,062] INFO - CF filtering flip (relax_flip_0.3): {'sampled': 1421, 'invalid': 0, 'duplicate': 6, 'similarity_filtered': 485, 'prob_filtered': 840, 'delta_filtered': 0, 'sa_filtered': 3, 'logp_filtered': 18, 'qed_filtered': 0, 'alert_filtered': 69, 'kept': 0, 'min_tanimoto_used': 0.3, 'min_tanimoto_source': 'min_tanimoto_flip', 'prob_max_used': 0.509999, 'delta_min_used': None, 'sa_max_used': 4.5, 'logp_delta_max_used': 1.5, 'qed_min_used': 0.0, 'pains_used': True}
[2026-01-09 20:31:36,948] INFO - CF filtering flip (relax_improve_0.6): {'sampled': 1421, 'invalid': 0, 'duplicate': 6, 'similarity_filtered': 1009, 'prob_filtered': 394, 'delta_filtered': 0, 'sa_filtered': 0, 'logp_filtered': 3, 'qed_filtered': 0, 'alert_filtered': 9, 'kept': 0, 'min_tanimoto_used': 0.5, 'min_tanimoto_source': 'min_tanimoto_flip', 'prob_max_used': 0.509999, 'delta_min_used': None, 'sa_max_used': 4.5, 'logp_delta_max_used': 1.5, 'qed_min_used': 0.0, 'pains_used': True}
[2026-01-09 20:31:47,469] INFO - CF filtering flip (relax_improve_0.5): {'sampled': 1421, 'invalid': 0, 'duplicate': 6, 'similarity_filtered': 1009, 'prob_filtered': 394, 'delta_filtered': 0, 'sa_filtered': 0, 'logp_filtered': 3, 'qed_filtered': 0, 'alert_filtered': 9, 'kept': 0, 'min_tanimoto_used': 0.5, 'min_tanimoto_source': 'min_tanimoto_flip', 'prob_max_used': 0.509999, 'delta_min_used': None, 'sa_max_used': 4.5, 'logp_delta_max_used': 1.5, 'qed_min_used': 0.0, 'pains_used': True}
[2026-01-09 20:31:58,191] INFO - CF filtering flip (relax_sa_5.5): {'sampled': 1421, 'invalid': 0, 'duplicate': 6, 'similarity_filtered': 1009, 'prob_filtered': 394, 'delta_filtered': 0, 'sa_filtered': 0, 'logp_filtered': 3, 'qed_filtered': 0, 'alert_filtered': 9, 'kept': 0, 'min_tanimoto_used': 0.5, 'min_tanimoto_source': 'min_tanimoto_flip', 'prob_max_used': 0.509999, 'delta_min_used': None, 'sa_max_used': 5.5, 'logp_delta_max_used': 1.5, 'qed_min_used': 0.0, 'pains_used': True}
[2026-01-09 20:32:08,685] INFO - CF filtering risk_reduction (none): {'sampled': 1421, 'invalid': 0, 'duplicate': 6, 'similarity_filtered': 1335, 'prob_filtered': 0, 'delta_filtered': 63, 'sa_filtered': 0, 'logp_filtered': 2, 'qed_filtered': 0, 'alert_filtered': 15, 'kept': 0, 'min_tanimoto_used': 0.7, 'min_tanimoto_source': 'min_tanimoto_improve', 'prob_max_used': None, 'delta_min_used': 0.1, 'sa_max_used': 4.5, 'logp_delta_max_used': 1.5, 'qed_min_used': 0.0, 'pains_used': True}
[2026-01-09 20:32:18,703] INFO - CF filtering risk_reduction (relax_flip_0.4): {'sampled': 1421, 'invalid': 0, 'duplicate': 6, 'similarity_filtered': 1335, 'prob_filtered': 0, 'delta_filtered': 63, 'sa_filtered': 0, 'logp_filtered': 2, 'qed_filtered': 0, 'alert_filtered': 15, 'kept': 0, 'min_tanimoto_used': 0.7, 'min_tanimoto_source': 'min_tanimoto_improve', 'prob_max_used': None, 'delta_min_used': 0.1, 'sa_max_used': 4.5, 'logp_delta_max_used': 1.5, 'qed_min_used': 0.0, 'pains_used': True}
[2026-01-09 20:32:29,947] INFO - CF filtering risk_reduction (relax_flip_0.3): {'sampled': 1421, 'invalid': 0, 'duplicate': 6, 'similarity_filtered': 1335, 'prob_filtered': 0, 'delta_filtered': 63, 'sa_filtered': 0, 'logp_filtered': 2, 'qed_filtered': 0, 'alert_filtered': 15, 'kept': 0, 'min_tanimoto_used': 0.7, 'min_tanimoto_source': 'min_tanimoto_improve', 'prob_max_used': None, 'delta_min_used': 0.1, 'sa_max_used': 4.5, 'logp_delta_max_used': 1.5, 'qed_min_used': 0.0, 'pains_used': True}
[2026-01-09 20:32:40,626] INFO - CF filtering risk_reduction (relax_improve_0.6): {'sampled': 1421, 'invalid': 0, 'duplicate': 6, 'similarity_filtered': 1205, 'prob_filtered': 0, 'delta_filtered': 123, 'sa_filtered': 0, 'logp_filtered': 2, 'qed_filtered': 0, 'alert_filtered': 85, 'kept': 0, 'min_tanimoto_used': 0.6, 'min_tanimoto_source': 'min_tanimoto_improve', 'prob_max_used': None, 'delta_min_used': 0.1, 'sa_max_used': 4.5, 'logp_delta_max_used': 1.5, 'qed_min_used': 0.0, 'pains_used': True}
[2026-01-09 20:32:51,982] INFO - CF filtering risk_reduction (relax_improve_0.5): {'sampled': 1421, 'invalid': 0, 'duplicate': 6, 'similarity_filtered': 1009, 'prob_filtered': 0, 'delta_filtered': 264, 'sa_filtered': 0, 'logp_filtered': 6, 'qed_filtered': 0, 'alert_filtered': 135, 'kept': 1, 'min_tanimoto_used': 0.5, 'min_tanimoto_source': 'min_tanimoto_improve', 'prob_max_used': None, 'delta_min_used': 0.1, 'sa_max_used': 4.5, 'logp_delta_max_used': 1.5, 'qed_min_used': 0.0, 'pains_used': True}
[2026-01-09 20:33:01,572] INFO - CF outcome a180e37baa48f151c00cf5a65b7810eab27a3ed7: sampled=1421 final_tier=diagnostic_close_edits relaxation=relax_improve_0.5 kept=1 scarcity=False fallback_used=True
[2026-01-09 20:33:01,574] INFO - CF audit flags a180e37baa48f151c00cf5a65b7810eab27a3ed7: fallback_tier=True relaxation_used=True scarcity=False
[2026-01-09 20:33:01,652] INFO - Lead report 21/30 written: reports/runs/2026-01-09_195103_seed42_stage1_signoff/lead_reports/a180e37baa48f151c00cf5a65b7810eab27a3ed7
[2026-01-09 20:33:19,371] INFO - ExMol requested budget=1800, sampled=1443 (err=None)
[2026-01-09 20:33:33,074] INFO - CF filtering flip (none): {'sampled': 1443, 'invalid': 0, 'duplicate': 3, 'similarity_filtered': 871, 'prob_filtered': 567, 'delta_filtered': 0, 'sa_filtered': 2, 'logp_filtered': 0, 'qed_filtered': 0, 'alert_filtered': 0, 'kept': 0, 'min_tanimoto_used': 0.5, 'min_tanimoto_source': 'min_tanimoto_flip', 'prob_max_used': 0.509999, 'delta_min_used': None, 'sa_max_used': 4.5, 'logp_delta_max_used': 1.5, 'qed_min_used': 0.0, 'pains_used': True}
[2026-01-09 20:33:46,647] INFO - CF filtering flip (relax_flip_0.4): {'sampled': 1443, 'invalid': 0, 'duplicate': 3, 'similarity_filtered': 613, 'prob_filtered': 816, 'delta_filtered': 0, 'sa_filtered': 7, 'logp_filtered': 0, 'qed_filtered': 0, 'alert_filtered': 4, 'kept': 0, 'min_tanimoto_used': 0.4, 'min_tanimoto_source': 'min_tanimoto_flip', 'prob_max_used': 0.509999, 'delta_min_used': None, 'sa_max_used': 4.5, 'logp_delta_max_used': 1.5, 'qed_min_used': 0.0, 'pains_used': True}
[2026-01-09 20:34:00,771] INFO - CF filtering flip (relax_flip_0.3): {'sampled': 1443, 'invalid': 0, 'duplicate': 3, 'similarity_filtered': 401, 'prob_filtered': 1006, 'delta_filtered': 0, 'sa_filtered': 18, 'logp_filtered': 1, 'qed_filtered': 0, 'alert_filtered': 14, 'kept': 0, 'min_tanimoto_used': 0.3, 'min_tanimoto_source': 'min_tanimoto_flip', 'prob_max_used': 0.509999, 'delta_min_used': None, 'sa_max_used': 4.5, 'logp_delta_max_used': 1.5, 'qed_min_used': 0.0, 'pains_used': True}
[2026-01-09 20:34:11,178] INFO - CF filtering flip (relax_improve_0.6): {'sampled': 1443, 'invalid': 0, 'duplicate': 3, 'similarity_filtered': 871, 'prob_filtered': 567, 'delta_filtered': 0, 'sa_filtered': 2, 'logp_filtered': 0, 'qed_filtered': 0, 'alert_filtered': 0, 'kept': 0, 'min_tanimoto_used': 0.5, 'min_tanimoto_source': 'min_tanimoto_flip', 'prob_max_used': 0.509999, 'delta_min_used': None, 'sa_max_used': 4.5, 'logp_delta_max_used': 1.5, 'qed_min_used': 0.0, 'pains_used': True}
[2026-01-09 20:34:20,896] INFO - CF filtering flip (relax_improve_0.5): {'sampled': 1443, 'invalid': 0, 'duplicate': 3, 'similarity_filtered': 871, 'prob_filtered': 567, 'delta_filtered': 0, 'sa_filtered': 2, 'logp_filtered': 0, 'qed_filtered': 0, 'alert_filtered': 0, 'kept': 0, 'min_tanimoto_used': 0.5, 'min_tanimoto_source': 'min_tanimoto_flip', 'prob_max_used': 0.509999, 'delta_min_used': None, 'sa_max_used': 4.5, 'logp_delta_max_used': 1.5, 'qed_min_used': 0.0, 'pains_used': True}
[2026-01-09 20:34:30,669] INFO - CF filtering flip (relax_sa_5.5): {'sampled': 1443, 'invalid': 0, 'duplicate': 3, 'similarity_filtered': 871, 'prob_filtered': 567, 'delta_filtered': 0, 'sa_filtered': 0, 'logp_filtered': 0, 'qed_filtered': 0, 'alert_filtered': 2, 'kept': 0, 'min_tanimoto_used': 0.5, 'min_tanimoto_source': 'min_tanimoto_flip', 'prob_max_used': 0.509999, 'delta_min_used': None, 'sa_max_used': 5.5, 'logp_delta_max_used': 1.5, 'qed_min_used': 0.0, 'pains_used': True}
[2026-01-09 20:34:40,131] INFO - CF filtering risk_reduction (none): {'sampled': 1443, 'invalid': 0, 'duplicate': 3, 'similarity_filtered': 1379, 'prob_filtered': 0, 'delta_filtered': 61, 'sa_filtered': 0, 'logp_filtered': 0, 'qed_filtered': 0, 'alert_filtered': 0, 'kept': 0, 'min_tanimoto_used': 0.7, 'min_tanimoto_source': 'min_tanimoto_improve', 'prob_max_used': None, 'delta_min_used': 0.1, 'sa_max_used': 4.5, 'logp_delta_max_used': 1.5, 'qed_min_used': 0.0, 'pains_used': True}
[2026-01-09 20:34:50,541] INFO - CF filtering risk_reduction (relax_flip_0.4): {'sampled': 1443, 'invalid': 0, 'duplicate': 3, 'similarity_filtered': 1379, 'prob_filtered': 0, 'delta_filtered': 61, 'sa_filtered': 0, 'logp_filtered': 0, 'qed_filtered': 0, 'alert_filtered': 0, 'kept': 0, 'min_tanimoto_used': 0.7, 'min_tanimoto_source': 'min_tanimoto_improve', 'prob_max_used': None, 'delta_min_used': 0.1, 'sa_max_used': 4.5, 'logp_delta_max_used': 1.5, 'qed_min_used': 0.0, 'pains_used': True}
[2026-01-09 20:35:00,718] INFO - CF filtering risk_reduction (relax_flip_0.3): {'sampled': 1443, 'invalid': 0, 'duplicate': 3, 'similarity_filtered': 1379, 'prob_filtered': 0, 'delta_filtered': 61, 'sa_filtered': 0, 'logp_filtered': 0, 'qed_filtered': 0, 'alert_filtered': 0, 'kept': 0, 'min_tanimoto_used': 0.7, 'min_tanimoto_source': 'min_tanimoto_improve', 'prob_max_used': None, 'delta_min_used': 0.1, 'sa_max_used': 4.5, 'logp_delta_max_used': 1.5, 'qed_min_used': 0.0, 'pains_used': True}
[2026-01-09 20:35:10,587] INFO - CF filtering risk_reduction (relax_improve_0.6): {'sampled': 1443, 'invalid': 0, 'duplicate': 3, 'similarity_filtered': 1180, 'prob_filtered': 0, 'delta_filtered': 258, 'sa_filtered': 0, 'logp_filtered': 0, 'qed_filtered': 0, 'alert_filtered': 2, 'kept': 0, 'min_tanimoto_used': 0.6, 'min_tanimoto_source': 'min_tanimoto_improve', 'prob_max_used': None, 'delta_min_used': 0.1, 'sa_max_used': 4.5, 'logp_delta_max_used': 1.5, 'qed_min_used': 0.0, 'pains_used': True}
[2026-01-09 20:35:19,752] INFO - CF filtering risk_reduction (relax_improve_0.5): {'sampled': 1443, 'invalid': 0, 'duplicate': 3, 'similarity_filtered': 871, 'prob_filtered': 0, 'delta_filtered': 559, 'sa_filtered': 7, 'logp_filtered': 0, 'qed_filtered': 0, 'alert_filtered': 3, 'kept': 0, 'min_tanimoto_used': 0.5, 'min_tanimoto_source': 'min_tanimoto_improve', 'prob_max_used': None, 'delta_min_used': 0.1, 'sa_max_used': 4.5, 'logp_delta_max_used': 1.5, 'qed_min_used': 0.0, 'pains_used': True}
[2026-01-09 20:35:29,026] INFO - CF filtering risk_reduction (relax_sa_5.5): {'sampled': 1443, 'invalid': 0, 'duplicate': 3, 'similarity_filtered': 1379, 'prob_filtered': 0, 'delta_filtered': 61, 'sa_filtered': 0, 'logp_filtered': 0, 'qed_filtered': 0, 'alert_filtered': 0, 'kept': 0, 'min_tanimoto_used': 0.7, 'min_tanimoto_source': 'min_tanimoto_improve', 'prob_max_used': None, 'delta_min_used': 0.1, 'sa_max_used': 5.5, 'logp_delta_max_used': 1.5, 'qed_min_used': 0.0, 'pains_used': True}
[2026-01-09 20:35:38,646] INFO - CF filtering weak_reduction (none): {'sampled': 1443, 'invalid': 0, 'duplicate': 3, 'similarity_filtered': 1379, 'prob_filtered': 0, 'delta_filtered': 60, 'sa_filtered': 0, 'logp_filtered': 0, 'qed_filtered': 0, 'alert_filtered': 1, 'kept': 0, 'min_tanimoto_used': 0.7, 'min_tanimoto_source': 'min_tanimoto_improve', 'prob_max_used': None, 'delta_min_used': 0.05, 'sa_max_used': 4.5, 'logp_delta_max_used': 1.5, 'qed_min_used': 0.0, 'pains_used': True}
[2026-01-09 20:35:47,774] INFO - CF filtering weak_reduction (relax_flip_0.4): {'sampled': 1443, 'invalid': 0, 'duplicate': 3, 'similarity_filtered': 1379, 'prob_filtered': 0, 'delta_filtered': 60, 'sa_filtered': 0, 'logp_filtered': 0, 'qed_filtered': 0, 'alert_filtered': 1, 'kept': 0, 'min_tanimoto_used': 0.7, 'min_tanimoto_source': 'min_tanimoto_improve', 'prob_max_used': None, 'delta_min_used': 0.05, 'sa_max_used': 4.5, 'logp_delta_max_used': 1.5, 'qed_min_used': 0.0, 'pains_used': True}
[2026-01-09 20:35:57,473] INFO - CF filtering weak_reduction (relax_flip_0.3): {'sampled': 1443, 'invalid': 0, 'duplicate': 3, 'similarity_filtered': 1379, 'prob_filtered': 0, 'delta_filtered': 60, 'sa_filtered': 0, 'logp_filtered': 0, 'qed_filtered': 0, 'alert_filtered': 1, 'kept': 0, 'min_tanimoto_used': 0.7, 'min_tanimoto_source': 'min_tanimoto_improve', 'prob_max_used': None, 'delta_min_used': 0.05, 'sa_max_used': 4.5, 'logp_delta_max_used': 1.5, 'qed_min_used': 0.0, 'pains_used': True}
[2026-01-09 20:36:06,456] INFO - CF filtering weak_reduction (relax_improve_0.6): {'sampled': 1443, 'invalid': 0, 'duplicate': 3, 'similarity_filtered': 1180, 'prob_filtered': 0, 'delta_filtered': 254, 'sa_filtered': 1, 'logp_filtered': 0, 'qed_filtered': 0, 'alert_filtered': 5, 'kept': 0, 'min_tanimoto_used': 0.6, 'min_tanimoto_source': 'min_tanimoto_improve', 'prob_max_used': None, 'delta_min_used': 0.05, 'sa_max_used': 4.5, 'logp_delta_max_used': 1.5, 'qed_min_used': 0.0, 'pains_used': True}
[2026-01-09 20:36:16,063] INFO - CF filtering weak_reduction (relax_improve_0.5): {'sampled': 1443, 'invalid': 0, 'duplicate': 3, 'similarity_filtered': 871, 'prob_filtered': 0, 'delta_filtered': 542, 'sa_filtered': 14, 'logp_filtered': 0, 'qed_filtered': 0, 'alert_filtered': 13, 'kept': 0, 'min_tanimoto_used': 0.5, 'min_tanimoto_source': 'min_tanimoto_improve', 'prob_max_used': None, 'delta_min_used': 0.05, 'sa_max_used': 4.5, 'logp_delta_max_used': 1.5, 'qed_min_used': 0.0, 'pains_used': True}
[2026-01-09 20:36:24,871] INFO - CF filtering weak_reduction (relax_sa_5.5): {'sampled': 1443, 'invalid': 0, 'duplicate': 3, 'similarity_filtered': 1379, 'prob_filtered': 0, 'delta_filtered': 60, 'sa_filtered': 0, 'logp_filtered': 0, 'qed_filtered': 0, 'alert_filtered': 1, 'kept': 0, 'min_tanimoto_used': 0.7, 'min_tanimoto_source': 'min_tanimoto_improve', 'prob_max_used': None, 'delta_min_used': 0.05, 'sa_max_used': 5.5, 'logp_delta_max_used': 1.5, 'qed_min_used': 0.0, 'pains_used': True}
[2026-01-09 20:37:00,932] INFO - CF outcome a8a6b1664facbb6c9b5aa6f56ebb4c475a87f882: sampled=1443 final_tier=diagnostic_close_edits relaxation=none kept=5 scarcity=False fallback_used=True
[2026-01-09 20:37:00,933] INFO - CF audit flags a8a6b1664facbb6c9b5aa6f56ebb4c475a87f882: fallback_tier=True relaxation_used=False scarcity=False
[2026-01-09 20:37:01,054] INFO - Lead report 22/30 written: reports/runs/2026-01-09_195103_seed42_stage1_signoff/lead_reports/a8a6b1664facbb6c9b5aa6f56ebb4c475a87f882
[2026-01-09 20:37:18,866] INFO - ExMol requested budget=1800, sampled=1523 (err=None)
[2026-01-09 20:37:35,251] INFO - CF filtering flip (none): {'sampled': 1523, 'invalid': 0, 'duplicate': 5, 'similarity_filtered': 1251, 'prob_filtered': 20, 'delta_filtered': 0, 'sa_filtered': 11, 'logp_filtered': 8, 'qed_filtered': 0, 'alert_filtered': 95, 'kept': 133, 'min_tanimoto_used': 0.5, 'min_tanimoto_source': 'min_tanimoto_flip', 'prob_max_used': 0.509999, 'delta_min_used': None, 'sa_max_used': 4.5, 'logp_delta_max_used': 1.5, 'qed_min_used': 0.0, 'pains_used': True}
[2026-01-09 20:37:44,107] INFO - CF outcome ba0c9d92a655a4a82fa3ceee3051b702b783b076: sampled=1523 final_tier=diagnostic_close_edits relaxation=none kept=5 scarcity=False fallback_used=True
[2026-01-09 20:37:44,107] INFO - CF audit flags ba0c9d92a655a4a82fa3ceee3051b702b783b076: fallback_tier=True relaxation_used=False scarcity=False
[2026-01-09 20:37:44,193] INFO - Lead report 23/30 written: reports/runs/2026-01-09_195103_seed42_stage1_signoff/lead_reports/ba0c9d92a655a4a82fa3ceee3051b702b783b076
[2026-01-09 20:37:55,878] INFO - ExMol requested budget=1800, sampled=1294 (err=None)
[2026-01-09 20:38:04,948] INFO - CF filtering flip (none): {'sampled': 1294, 'invalid': 0, 'duplicate': 9, 'similarity_filtered': 1241, 'prob_filtered': 0, 'delta_filtered': 0, 'sa_filtered': 0, 'logp_filtered': 0, 'qed_filtered': 0, 'alert_filtered': 26, 'kept': 18, 'min_tanimoto_used': 0.5, 'min_tanimoto_source': 'min_tanimoto_flip', 'prob_max_used': 0.509999, 'delta_min_used': None, 'sa_max_used': 4.5, 'logp_delta_max_used': 1.5, 'qed_min_used': 0.0, 'pains_used': True}
[2026-01-09 20:38:14,120] INFO - CF outcome c5cab157f53f634f4dd0eed9e3895cfb2fbfbc90: sampled=1294 final_tier=diagnostic_close_edits relaxation=none kept=5 scarcity=False fallback_used=True
[2026-01-09 20:38:14,121] INFO - CF audit flags c5cab157f53f634f4dd0eed9e3895cfb2fbfbc90: fallback_tier=True relaxation_used=False scarcity=False
[2026-01-09 20:38:14,210] INFO - Lead report 24/30 written: reports/runs/2026-01-09_195103_seed42_stage1_signoff/lead_reports/c5cab157f53f634f4dd0eed9e3895cfb2fbfbc90
[2026-01-09 20:38:22,242] INFO - ExMol requested budget=1800, sampled=878 (err=None)
[2026-01-09 20:38:29,030] INFO - CF filtering flip (none): {'sampled': 878, 'invalid': 1, 'duplicate': 48, 'similarity_filtered': 752, 'prob_filtered': 0, 'delta_filtered': 0, 'sa_filtered': 4, 'logp_filtered': 0, 'qed_filtered': 0, 'alert_filtered': 71, 'kept': 2, 'min_tanimoto_used': 0.5, 'min_tanimoto_source': 'min_tanimoto_flip', 'prob_max_used': 0.509999, 'delta_min_used': None, 'sa_max_used': 4.5, 'logp_delta_max_used': 1.5, 'qed_min_used': 0.0, 'pains_used': True}
[2026-01-09 20:38:29,062] INFO - CF outcome d71661a6c787d26afd0eee2bcdfa94ad817f7481: sampled=878 final_tier=flip relaxation=none kept=2 scarcity=False fallback_used=False
[2026-01-09 20:38:29,062] INFO - CF audit flags d71661a6c787d26afd0eee2bcdfa94ad817f7481: fallback_tier=False relaxation_used=False scarcity=False
[2026-01-09 20:38:29,102] INFO - Lead report 25/30 written: reports/runs/2026-01-09_195103_seed42_stage1_signoff/lead_reports/d71661a6c787d26afd0eee2bcdfa94ad817f7481
[2026-01-09 20:38:46,030] INFO - ExMol requested budget=1800, sampled=1461 (err=None)
[2026-01-09 20:38:59,248] INFO - CF filtering flip (none): {'sampled': 1461, 'invalid': 0, 'duplicate': 4, 'similarity_filtered': 1011, 'prob_filtered': 443, 'delta_filtered': 0, 'sa_filtered': 0, 'logp_filtered': 0, 'qed_filtered': 0, 'alert_filtered': 3, 'kept': 0, 'min_tanimoto_used': 0.5, 'min_tanimoto_source': 'min_tanimoto_flip', 'prob_max_used': 0.509999, 'delta_min_used': None, 'sa_max_used': 4.5, 'logp_delta_max_used': 1.5, 'qed_min_used': 0.0, 'pains_used': True}
[2026-01-09 20:39:12,029] INFO - CF filtering flip (relax_flip_0.4): {'sampled': 1461, 'invalid': 0, 'duplicate': 4, 'similarity_filtered': 802, 'prob_filtered': 648, 'delta_filtered': 0, 'sa_filtered': 2, 'logp_filtered': 1, 'qed_filtered': 0, 'alert_filtered': 3, 'kept': 1, 'min_tanimoto_used': 0.4, 'min_tanimoto_source': 'min_tanimoto_flip', 'prob_max_used': 0.509999, 'delta_min_used': None, 'sa_max_used': 4.5, 'logp_delta_max_used': 1.5, 'qed_min_used': 0.0, 'pains_used': True}
[2026-01-09 20:39:21,262] INFO - CF outcome d8e681ab2b7868cc60b199e691c86069d2c5657c: sampled=1461 final_tier=diagnostic_close_edits relaxation=relax_flip_0.4 kept=1 scarcity=False fallback_used=True
[2026-01-09 20:39:21,262] INFO - CF audit flags d8e681ab2b7868cc60b199e691c86069d2c5657c: fallback_tier=True relaxation_used=True scarcity=False
[2026-01-09 20:39:21,343] INFO - Lead report 26/30 written: reports/runs/2026-01-09_195103_seed42_stage1_signoff/lead_reports/d8e681ab2b7868cc60b199e691c86069d2c5657c
[2026-01-09 20:39:46,411] INFO - ExMol requested budget=1800, sampled=1472 (err=None)
[2026-01-09 20:40:06,568] INFO - CF filtering flip (none): {'sampled': 1472, 'invalid': 0, 'duplicate': 5, 'similarity_filtered': 1075, 'prob_filtered': 379, 'delta_filtered': 0, 'sa_filtered': 1, 'logp_filtered': 4, 'qed_filtered': 0, 'alert_filtered': 4, 'kept': 4, 'min_tanimoto_used': 0.5, 'min_tanimoto_source': 'min_tanimoto_flip', 'prob_max_used': 0.509999, 'delta_min_used': None, 'sa_max_used': 4.5, 'logp_delta_max_used': 1.5, 'qed_min_used': 0.0, 'pains_used': True}
[2026-01-09 20:40:16,207] INFO - CF outcome de1e633dac3d28dd08f3f89445d9a7c08e9e2700: sampled=1472 final_tier=diagnostic_close_edits relaxation=none kept=4 scarcity=False fallback_used=True
[2026-01-09 20:40:16,207] INFO - CF audit flags de1e633dac3d28dd08f3f89445d9a7c08e9e2700: fallback_tier=True relaxation_used=False scarcity=False
[2026-01-09 20:40:16,328] INFO - Lead report 27/30 written: reports/runs/2026-01-09_195103_seed42_stage1_signoff/lead_reports/de1e633dac3d28dd08f3f89445d9a7c08e9e2700
[2026-01-09 20:40:31,924] INFO - ExMol requested budget=1800, sampled=1454 (err=None)
[2026-01-09 20:40:43,399] INFO - CF filtering flip (none): {'sampled': 1454, 'invalid': 0, 'duplicate': 3, 'similarity_filtered': 1295, 'prob_filtered': 154, 'delta_filtered': 0, 'sa_filtered': 0, 'logp_filtered': 0, 'qed_filtered': 0, 'alert_filtered': 0, 'kept': 2, 'min_tanimoto_used': 0.5, 'min_tanimoto_source': 'min_tanimoto_flip', 'prob_max_used': 0.509999, 'delta_min_used': None, 'sa_max_used': 4.5, 'logp_delta_max_used': 1.5, 'qed_min_used': 0.0, 'pains_used': True}
[2026-01-09 20:40:52,794] INFO - CF outcome e8cda283f3261597019437e6174cc9277a74b3ab: sampled=1454 final_tier=diagnostic_close_edits relaxation=none kept=2 scarcity=False fallback_used=True
[2026-01-09 20:40:52,794] INFO - CF audit flags e8cda283f3261597019437e6174cc9277a74b3ab: fallback_tier=True relaxation_used=False scarcity=False
[2026-01-09 20:40:52,880] INFO - Lead report 28/30 written: reports/runs/2026-01-09_195103_seed42_stage1_signoff/lead_reports/e8cda283f3261597019437e6174cc9277a74b3ab
[2026-01-09 20:41:12,149] INFO - ExMol requested budget=1800, sampled=1477 (err=None)
[2026-01-09 20:41:27,478] INFO - CF filtering flip (none): {'sampled': 1477, 'invalid': 0, 'duplicate': 11, 'similarity_filtered': 1164, 'prob_filtered': 297, 'delta_filtered': 0, 'sa_filtered': 0, 'logp_filtered': 4, 'qed_filtered': 0, 'alert_filtered': 0, 'kept': 1, 'min_tanimoto_used': 0.5, 'min_tanimoto_source': 'min_tanimoto_flip', 'prob_max_used': 0.509999, 'delta_min_used': None, 'sa_max_used': 4.5, 'logp_delta_max_used': 1.5, 'qed_min_used': 0.0, 'pains_used': True}
[2026-01-09 20:41:37,042] INFO - CF outcome f39903ddbcdba8142befdad537ab321be60605d5: sampled=1477 final_tier=diagnostic_close_edits relaxation=none kept=1 scarcity=False fallback_used=True
[2026-01-09 20:41:37,042] INFO - CF audit flags f39903ddbcdba8142befdad537ab321be60605d5: fallback_tier=True relaxation_used=False scarcity=False
[2026-01-09 20:41:37,122] INFO - Lead report 29/30 written: reports/runs/2026-01-09_195103_seed42_stage1_signoff/lead_reports/f39903ddbcdba8142befdad537ab321be60605d5
[2026-01-09 20:42:14,982] INFO - ExMol requested budget=1800, sampled=1468 (err=None)
[2026-01-09 20:42:48,049] INFO - CF filtering flip (none): {'sampled': 1468, 'invalid': 0, 'duplicate': 7, 'similarity_filtered': 860, 'prob_filtered': 592, 'delta_filtered': 0, 'sa_filtered': 3, 'logp_filtered': 1, 'qed_filtered': 0, 'alert_filtered': 0, 'kept': 5, 'min_tanimoto_used': 0.5, 'min_tanimoto_source': 'min_tanimoto_flip', 'prob_max_used': 0.509999, 'delta_min_used': None, 'sa_max_used': 4.5, 'logp_delta_max_used': 1.5, 'qed_min_used': 0.0, 'pains_used': True}
[2026-01-09 20:42:57,628] INFO - CF outcome f8ee8aef31a8cecfbc249993d8b42932c153a046: sampled=1468 final_tier=diagnostic_close_edits relaxation=none kept=5 scarcity=False fallback_used=True
[2026-01-09 20:42:57,628] INFO - CF audit flags f8ee8aef31a8cecfbc249993d8b42932c153a046: fallback_tier=True relaxation_used=False scarcity=False
[2026-01-09 20:42:57,768] INFO - Lead report 30/30 written: reports/runs/2026-01-09_195103_seed42_stage1_signoff/lead_reports/f8ee8aef31a8cecfbc249993d8b42932c153a046
[2026-01-09 20:42:57,768] INFO - Stage 1 completed.
[2026-01-09 20:42:57,773] INFO - Stage 1 completed successfully. Artifacts at: reports/runs/2026-01-09_195103_seed42_stage1_signoff
