[2026-04-08 11:29:07,348] INFO - Using pilot config: /Users/harisreedeth/Desktop/Ogoing.hERGBench/hERGBench/configs/chembl_cluster_counterfactual_pilot.yaml
[2026-04-08 11:29:07,349] INFO - Using source run: /Users/harisreedeth/Desktop/Ogoing.hERGBench/hERGBench/reports/stage1_chembl/reports/runs/2026-04-06_083745_seed42_stage1_chembl_predictions
[2026-04-08 11:29:52,303] INFO - Using pilot config: /Users/harisreedeth/Desktop/Ogoing.hERGBench/hERGBench/configs/chembl_cluster_counterfactual_pilot.yaml
[2026-04-08 11:29:52,304] INFO - Using source run: /Users/harisreedeth/Desktop/Ogoing.hERGBench/hERGBench/reports/stage1_chembl/reports/runs/2026-04-06_083745_seed42_stage1_chembl_predictions
[2026-04-08 11:29:52,998] INFO - Fetched TDC dataset 'hERG' with 655 rows and columns: ['Drug_ID', 'Drug', 'Y']
[2026-04-08 11:29:53,006] INFO - Saved raw dataset to data/chembl/raw/tdc_herg_raw.csv
[2026-04-08 11:30:05,866] INFO - Standardized molecules: kept=655, dropped_invalid=0
[2026-04-08 11:30:05,870] WARNING - Dropping 3 SMILES with conflicting labels after standardization.
[2026-04-08 11:30:05,873] INFO - Deduplicated: 649 -> 635 unique molecules
[2026-04-08 11:30:05,878] INFO - Saved processed dataset to data/chembl/processed/herg_clean.csv
[2026-04-08 11:30:06,263] INFO - Pilot generation parents to attempt: 20
[2026-04-08 11:30:06,264] INFO - Threshold used: 0.710
[2026-04-08 11:30:06,266] INFO - Source prediction file: /Users/harisreedeth/Desktop/Ogoing.hERGBench/hERGBench/reports/stage1_chembl/reports/runs/2026-04-06_083745_seed42_stage1_chembl_predictions/predictions/test_preds_cluster_seed11_with_sim.csv
[2026-04-08 11:31:21,842] INFO - Using pilot config: /Users/harisreedeth/Desktop/Ogoing.hERGBench/hERGBench/configs/chembl_cluster_counterfactual_pilot.yaml
[2026-04-08 11:31:21,843] INFO - Using source run: /Users/harisreedeth/Desktop/Ogoing.hERGBench/hERGBench/reports/stage1_chembl/reports/runs/2026-04-06_083745_seed42_stage1_chembl_predictions
[2026-04-08 11:31:21,875] INFO - Loaded processed ChEMBL dataset from /Users/harisreedeth/Desktop/Ogoing.hERGBench/hERGBench/data/chembl/processed/chembl_herg_clean.csv (9283 rows)
[2026-04-08 11:31:27,324] INFO - Pilot generation parents to attempt: 20
[2026-04-08 11:31:27,326] INFO - Threshold used: 0.710
[2026-04-08 11:31:27,328] INFO - Source prediction file: /Users/harisreedeth/Desktop/Ogoing.hERGBench/hERGBench/reports/stage1_chembl/reports/runs/2026-04-06_083745_seed42_stage1_chembl_predictions/predictions/test_preds_cluster_seed11_with_sim.csv
[2026-04-08 11:32:52,956] INFO - ExMol requested budget=3000, sampled=2420 (err=None)
[2026-04-08 11:34:26,097] INFO - CF filtering flip (none): {'sampled': 2420, 'invalid': 0, 'duplicate': 11, 'scaffold_filtered': 689, 'similarity_filtered': 1587, 'prob_filtered': 55, 'delta_filtered': 0, 'sa_filtered': 0, 'logp_filtered': 0, 'qed_filtered': 0, 'alert_filtered': 78, 'kept': 0, 'min_tanimoto_used': 0.5, 'min_tanimoto_source': 'min_tanimoto_flip', 'prob_max_used': 0.709999, 'delta_min_used': None, 'sa_max_used': 4.5, 'logp_delta_max_used': 1.5, 'qed_min_used': 0.0, 'pains_used': True}
[2026-04-08 11:35:08,142] INFO - CF filtering flip (relax_flip_0.4): {'sampled': 2420, 'invalid': 0, 'duplicate': 11, 'scaffold_filtered': 1070, 'similarity_filtered': 1206, 'prob_filtered': 55, 'delta_filtered': 0, 'sa_filtered': 0, 'logp_filtered': 0, 'qed_filtered': 0, 'alert_filtered': 78, 'kept': 0, 'min_tanimoto_used': 0.4, 'min_tanimoto_source': 'min_tanimoto_flip', 'prob_max_used': 0.709999, 'delta_min_used': None, 'sa_max_used': 4.5, 'logp_delta_max_used': 1.5, 'qed_min_used': 0.0, 'pains_used': True}
[2026-04-08 11:35:51,776] INFO - CF filtering flip (relax_flip_0.3): {'sampled': 2420, 'invalid': 0, 'duplicate': 11, 'scaffold_filtered': 1495, 'similarity_filtered': 780, 'prob_filtered': 55, 'delta_filtered': 0, 'sa_filtered': 0, 'logp_filtered': 0, 'qed_filtered': 0, 'alert_filtered': 79, 'kept': 0, 'min_tanimoto_used': 0.3, 'min_tanimoto_source': 'min_tanimoto_flip', 'prob_max_used': 0.709999, 'delta_min_used': None, 'sa_max_used': 4.5, 'logp_delta_max_used': 1.5, 'qed_min_used': 0.0, 'pains_used': True}
[2026-04-08 11:36:33,659] INFO - CF filtering flip (relax_improve_0.6): {'sampled': 2420, 'invalid': 0, 'duplicate': 11, 'scaffold_filtered': 689, 'similarity_filtered': 1587, 'prob_filtered': 55, 'delta_filtered': 0, 'sa_filtered': 0, 'logp_filtered': 0, 'qed_filtered': 0, 'alert_filtered': 78, 'kept': 0, 'min_tanimoto_used': 0.5, 'min_tanimoto_source': 'min_tanimoto_flip', 'prob_max_used': 0.709999, 'delta_min_used': None, 'sa_max_used': 4.5, 'logp_delta_max_used': 1.5, 'qed_min_used': 0.0, 'pains_used': True}
[2026-04-08 11:37:16,408] INFO - CF filtering flip (relax_improve_0.5): {'sampled': 2420, 'invalid': 0, 'duplicate': 11, 'scaffold_filtered': 689, 'similarity_filtered': 1587, 'prob_filtered': 55, 'delta_filtered': 0, 'sa_filtered': 0, 'logp_filtered': 0, 'qed_filtered': 0, 'alert_filtered': 78, 'kept': 0, 'min_tanimoto_used': 0.5, 'min_tanimoto_source': 'min_tanimoto_flip', 'prob_max_used': 0.709999, 'delta_min_used': None, 'sa_max_used': 4.5, 'logp_delta_max_used': 1.5, 'qed_min_used': 0.0, 'pains_used': True}
[2026-04-08 11:37:58,763] INFO - CF filtering flip (relax_sa_5.5): {'sampled': 2420, 'invalid': 0, 'duplicate': 11, 'scaffold_filtered': 689, 'similarity_filtered': 1587, 'prob_filtered': 55, 'delta_filtered': 0, 'sa_filtered': 0, 'logp_filtered': 0, 'qed_filtered': 0, 'alert_filtered': 78, 'kept': 0, 'min_tanimoto_used': 0.5, 'min_tanimoto_source': 'min_tanimoto_flip', 'prob_max_used': 0.709999, 'delta_min_used': None, 'sa_max_used': 5.5, 'logp_delta_max_used': 1.5, 'qed_min_used': 0.0, 'pains_used': True}
[2026-04-08 11:38:38,288] INFO - CF filtering risk_reduction (none): {'sampled': 2420, 'invalid': 0, 'duplicate': 11, 'scaffold_filtered': 104, 'similarity_filtered': 2217, 'prob_filtered': 0, 'delta_filtered': 64, 'sa_filtered': 0, 'logp_filtered': 0, 'qed_filtered': 0, 'alert_filtered': 24, 'kept': 0, 'min_tanimoto_used': 0.7, 'min_tanimoto_source': 'min_tanimoto_improve', 'prob_max_used': None, 'delta_min_used': 0.1, 'sa_max_used': 4.5, 'logp_delta_max_used': 1.5, 'qed_min_used': 0.0, 'pains_used': True}
[2026-04-08 11:39:20,855] INFO - CF filtering risk_reduction (relax_flip_0.4): {'sampled': 2420, 'invalid': 0, 'duplicate': 11, 'scaffold_filtered': 104, 'similarity_filtered': 2217, 'prob_filtered': 0, 'delta_filtered': 64, 'sa_filtered': 0, 'logp_filtered': 0, 'qed_filtered': 0, 'alert_filtered': 24, 'kept': 0, 'min_tanimoto_used': 0.7, 'min_tanimoto_source': 'min_tanimoto_improve', 'prob_max_used': None, 'delta_min_used': 0.1, 'sa_max_used': 4.5, 'logp_delta_max_used': 1.5, 'qed_min_used': 0.0, 'pains_used': True}
[2026-04-08 11:40:01,002] INFO - CF filtering risk_reduction (relax_flip_0.3): {'sampled': 2420, 'invalid': 0, 'duplicate': 11, 'scaffold_filtered': 104, 'similarity_filtered': 2217, 'prob_filtered': 0, 'delta_filtered': 64, 'sa_filtered': 0, 'logp_filtered': 0, 'qed_filtered': 0, 'alert_filtered': 24, 'kept': 0, 'min_tanimoto_used': 0.7, 'min_tanimoto_source': 'min_tanimoto_improve', 'prob_max_used': None, 'delta_min_used': 0.1, 'sa_max_used': 4.5, 'logp_delta_max_used': 1.5, 'qed_min_used': 0.0, 'pains_used': True}
[2026-04-08 11:40:43,695] INFO - CF filtering risk_reduction (relax_improve_0.6): {'sampled': 2420, 'invalid': 0, 'duplicate': 11, 'scaffold_filtered': 348, 'similarity_filtered': 1933, 'prob_filtered': 0, 'delta_filtered': 94, 'sa_filtered': 0, 'logp_filtered': 0, 'qed_filtered': 0, 'alert_filtered': 34, 'kept': 0, 'min_tanimoto_used': 0.6, 'min_tanimoto_source': 'min_tanimoto_improve', 'prob_max_used': None, 'delta_min_used': 0.1, 'sa_max_used': 4.5, 'logp_delta_max_used': 1.5, 'qed_min_used': 0.0, 'pains_used': True}
